Archive member included to satisfy reference by file (symbol)

c:/program files/microchip/xc8/v2.41/avr/bin/../lib/gcc/avr/5.4.0/../../../../avr/lib/avr5/memx-const\libm.a(addsf3.o)
                              build/default/debug/HAL/LCD/LCD_Program.o (__subsf3)
c:/program files/microchip/xc8/v2.41/avr/bin/../lib/gcc/avr/5.4.0/../../../../avr/lib/avr5/memx-const\libm.a(addsf3x.o)
                              c:/program files/microchip/xc8/v2.41/avr/bin/../lib/gcc/avr/5.4.0/../../../../avr/lib/avr5/memx-const\libm.a(addsf3.o) (__addsf3x)
c:/program files/microchip/xc8/v2.41/avr/bin/../lib/gcc/avr/5.4.0/../../../../avr/lib/avr5/memx-const\libm.a(cmpsf2.o)
                              build/default/debug/HAL/LCD/LCD_Program.o (__ltsf2)
c:/program files/microchip/xc8/v2.41/avr/bin/../lib/gcc/avr/5.4.0/../../../../avr/lib/avr5/memx-const\libm.a(fixsfsi.o)
                              build/default/debug/HAL/LCD/LCD_Program.o (__fixsfsi)
c:/program files/microchip/xc8/v2.41/avr/bin/../lib/gcc/avr/5.4.0/../../../../avr/lib/avr5/memx-const\libm.a(fixunssfsi.o)
                              build/default/debug/MCAL/TIMER0/TIMER0_Program.o (__fixunssfsi)
c:/program files/microchip/xc8/v2.41/avr/bin/../lib/gcc/avr/5.4.0/../../../../avr/lib/avr5/memx-const\libm.a(floatsisf.o)
                              build/default/debug/MCAL/ADC/ADC_program.o (__floatunsisf)
c:/program files/microchip/xc8/v2.41/avr/bin/../lib/gcc/avr/5.4.0/../../../../avr/lib/avr5/memx-const\libm.a(fp_cmp.o)
                              c:/program files/microchip/xc8/v2.41/avr/bin/../lib/gcc/avr/5.4.0/../../../../avr/lib/avr5/memx-const\libm.a(cmpsf2.o) (__fp_cmp)
c:/program files/microchip/xc8/v2.41/avr/bin/../lib/gcc/avr/5.4.0/../../../../avr/lib/avr5/memx-const\libm.a(fp_inf.o)
                              c:/program files/microchip/xc8/v2.41/avr/bin/../lib/gcc/avr/5.4.0/../../../../avr/lib/avr5/memx-const\libm.a(addsf3x.o) (__fp_inf)
c:/program files/microchip/xc8/v2.41/avr/bin/../lib/gcc/avr/5.4.0/../../../../avr/lib/avr5/memx-const\libm.a(fp_nan.o)
                              c:/program files/microchip/xc8/v2.41/avr/bin/../lib/gcc/avr/5.4.0/../../../../avr/lib/avr5/memx-const\libm.a(addsf3x.o) (__fp_nan)
c:/program files/microchip/xc8/v2.41/avr/bin/../lib/gcc/avr/5.4.0/../../../../avr/lib/avr5/memx-const\libm.a(fp_pscA.o)
                              c:/program files/microchip/xc8/v2.41/avr/bin/../lib/gcc/avr/5.4.0/../../../../avr/lib/avr5/memx-const\libm.a(addsf3x.o) (__fp_pscA)
c:/program files/microchip/xc8/v2.41/avr/bin/../lib/gcc/avr/5.4.0/../../../../avr/lib/avr5/memx-const\libm.a(fp_pscB.o)
                              c:/program files/microchip/xc8/v2.41/avr/bin/../lib/gcc/avr/5.4.0/../../../../avr/lib/avr5/memx-const\libm.a(addsf3x.o) (__fp_pscB)
c:/program files/microchip/xc8/v2.41/avr/bin/../lib/gcc/avr/5.4.0/../../../../avr/lib/avr5/memx-const\libm.a(fp_round.o)
                              c:/program files/microchip/xc8/v2.41/avr/bin/../lib/gcc/avr/5.4.0/../../../../avr/lib/avr5/memx-const\libm.a(addsf3.o) (__fp_round)
c:/program files/microchip/xc8/v2.41/avr/bin/../lib/gcc/avr/5.4.0/../../../../avr/lib/avr5/memx-const\libm.a(fp_split3.o)
                              c:/program files/microchip/xc8/v2.41/avr/bin/../lib/gcc/avr/5.4.0/../../../../avr/lib/avr5/memx-const\libm.a(addsf3x.o) (__fp_split3)
c:/program files/microchip/xc8/v2.41/avr/bin/../lib/gcc/avr/5.4.0/../../../../avr/lib/avr5/memx-const\libm.a(fp_zero.o)
                              c:/program files/microchip/xc8/v2.41/avr/bin/../lib/gcc/avr/5.4.0/../../../../avr/lib/avr5/memx-const\libm.a(addsf3x.o) (__fp_zero)
c:/program files/microchip/xc8/v2.41/avr/bin/../lib/gcc/avr/5.4.0/../../../../avr/lib/avr5/memx-const\libm.a(gesf2.o)
                              build/default/debug/HAL/LCD/LCD_Program.o (__gtsf2)
c:/program files/microchip/xc8/v2.41/avr/bin/../lib/gcc/avr/5.4.0/../../../../avr/lib/avr5/memx-const\libm.a(mulsf3.o)
                              build/default/debug/HAL/LCD/LCD_Program.o (__mulsf3)
c:/program files/microchip/xc8/v2.41/avr/bin/../lib/gcc/avr/5.4.0/../../../../avr/lib/avr5/memx-const\libm.a(mulsf3x.o)
                              c:/program files/microchip/xc8/v2.41/avr/bin/../lib/gcc/avr/5.4.0/../../../../avr/lib/avr5/memx-const\libm.a(mulsf3.o) (__mulsf3x)
c:/program files/microchip/xc8/v2.41/avr/bin/../lib/gcc/avr/5.4.0/avr5/memx-const\libgcc.a(_divmodsi4.o)
                              build/default/debug/HAL/LCD/LCD_Program.o (__divmodsi4)
c:/program files/microchip/xc8/v2.41/avr/bin/../lib/gcc/avr/5.4.0/avr5/memx-const\libgcc.a(_negsi2.o)
                              c:/program files/microchip/xc8/v2.41/avr/bin/../lib/gcc/avr/5.4.0/avr5/memx-const\libgcc.a(_divmodsi4.o) (__negsi2)
c:/program files/microchip/xc8/v2.41/avr/bin/../lib/gcc/avr/5.4.0/avr5/memx-const\libgcc.a(_tablejump2.o)
                              build/default/debug/MCAL/ADC/ADC_program.o (__tablejump2__)
[...]
Memory Configuration

Name             Origin             Length             Attributes
text             0x0000000000000000 0x0000000000008000 xr
data             0x0000000000800060 0x0000000000000800 rw !x
eeprom           0x0000000000810000 0x0000000000000400 rw !x
fuse             0x0000000000820000 0x0000000000000002 rw !x
lock             0x0000000000830000 0x0000000000000400 rw !x
signature        0x0000000000840000 0x0000000000000400 rw !x
user_signatures  0x0000000000850000 0x0000000000000400 rw !x
bootrow          0x0000000000860000 0x0000000000000400 rw !x
*default*        0x0000000000000000 0xffffffffffffffff

Linker script and memory map

LOAD C:/Users/chbib/.mchp_packs/Microchip/ATmega_DFP/3.0.158/xc8/avr/lib/avr5/memx-const/crtatmega32.o
                0x0000000000000001                __MPLAB_BUILD = 0x1
LOAD build/default/debug/HAL/KeyPad/keypad_program.o
LOAD build/default/debug/HAL/LCD/LCD_Program.o
LOAD build/default/debug/HAL/SevenSegment/SEG_Program.o
LOAD build/default/debug/MCAL/ADC/ADC_program.o
LOAD build/default/debug/MCAL/DIO/DIO.o
LOAD build/default/debug/MCAL/Interrupt/EXT_GIE/EXT_GIE_Program.o
LOAD build/default/debug/MCAL/Interrupt/EXT_INT/EXT_INT_Program.o
LOAD build/default/debug/MCAL/TIMER0/TIMER0_Program.o
LOAD build/default/debug/MCAL/HAL_initializations.o
LOAD build/default/debug/Application.o
LOAD build/default/debug/MCAL/FAST_PWM/FAST_PWM_Program.o
START GROUP
LOAD c:/program files/microchip/xc8/v2.41/avr/bin/../lib/gcc/avr/5.4.0/../../../../avr/lib/avr5/memx-const\libm.a
END GROUP
                0x0000000000000001                __MPLAB_DEBUG = 0x1
                0x0000000000000001                __DEBUG = 0x1
                0x0000000000000001                __MPLAB_DEBUGGER_SIMULATOR = 0x1
START GROUP
LOAD c:/program files/microchip/xc8/v2.41/avr/bin/../lib/gcc/avr/5.4.0/avr5/memx-const\libgcc.a
LOAD c:/program files/microchip/xc8/v2.41/avr/bin/../lib/gcc/avr/5.4.0/../../../../avr/lib/avr5/memx-const\libm.a
LOAD c:/program files/microchip/xc8/v2.41/avr/bin/../lib/gcc/avr/5.4.0/../../../../avr/lib/avr5/memx-const\libc.a
LOAD C:/Users/chbib/.mchp_packs/Microchip/ATmega_DFP/3.0.158/xc8/avr/lib/avr5/memx-const\libatmega32.a
END GROUP
                0x0000000000000000                __TEXT_REGION_ORIGIN__ = DEFINED (__TEXT_REGION_ORIGIN__)?__TEXT_REGION_ORIGIN__:0x0
                [0x0000000000800060]                __DATA_REGION_ORIGIN__ = DEFINED (__DATA_REGION_ORIGIN__)?__DATA_REGION_ORIGIN__:0x800060
                [0x0000000000008000]                __TEXT_REGION_LENGTH__ = DEFINED (__TEXT_REGION_LENGTH__)?__TEXT_REGION_LENGTH__:0x20000
                [0x0000000000000800]                __DATA_REGION_LENGTH__ = DEFINED (__DATA_REGION_LENGTH__)?__DATA_REGION_LENGTH__:0xffa0
                [0x0000000000000400]                __EEPROM_REGION_LENGTH__ = DEFINED (__EEPROM_REGION_LENGTH__)?__EEPROM_REGION_LENGTH__:0x10000
                [0x0000000000000002]                __FUSE_REGION_LENGTH__ = DEFINED (__FUSE_REGION_LENGTH__)?__FUSE_REGION_LENGTH__:0x400
                0x0000000000000400                __LOCK_REGION_LENGTH__ = DEFINED (__LOCK_REGION_LENGTH__)?__LOCK_REGION_LENGTH__:0x400
                0x0000000000000400                __SIGNATURE_REGION_LENGTH__ = DEFINED (__SIGNATURE_REGION_LENGTH__)?__SIGNATURE_REGION_LENGTH__:0x400
                0x0000000000000400                __USER_SIGNATURE_REGION_LENGTH__ = DEFINED (__USER_SIGNATURE_REGION_LENGTH__)?__USER_SIGNATURE_REGION_LENGTH__:0x400
                0x0000000000000400                __BOOTROW_REGION_LENGTH__ = DEFINED (__BOOTROW_REGION_LENGTH__)?__BOOTROW_REGION_LENGTH__:0x400

.hash
 *(.hash)

.dynsym
 *(.dynsym)

.dynstr
 *(.dynstr)

.gnu.version
 *(.gnu.version)

.gnu.version_d
 *(.gnu.version_d)

.gnu.version_r
 *(.gnu.version_r)

.rel.init
 *(.rel.init)

.rela.init
 *(.rela.init)

.rel.text
 *(.rel.text)
 *(.rel.text.*)
 *(.rel.gnu.linkonce.t*)

.rela.text
 *(.rela.text)
 *(.rela.text.*)
 *(.rela.gnu.linkonce.t*)

.rel.fini
 *(.rel.fini)

.rela.fini
 *(.rela.fini)

.rel.rodata
 *(.rel.rodata)
 *(.rel.rodata.*)
 *(.rel.gnu.linkonce.r*)

.rela.rodata
 *(.rela.rodata)
 *(.rela.rodata.*)
 *(.rela.gnu.linkonce.r*)

.rel.data
 *(.rel.data)
 *(.rel.data.*)
 *(.rel.gnu.linkonce.d*)

.rela.data
 *(.rela.data)
 *(.rela.data.*)
 *(.rela.gnu.linkonce.d*)

.rel.ctors
 *(.rel.ctors)

.rela.ctors
 *(.rela.ctors)

.rel.dtors
 *(.rel.dtors)

.rela.dtors
 *(.rela.dtors)

.rel.got
 *(.rel.got)

.rela.got
 *(.rela.got)

.rel.bss
 *(.rel.bss)

.rela.bss
 *(.rela.bss)

.rel.plt
 *(.rel.plt)

.rela.plt
 *(.rela.plt)

.text           0x0000000000000000       0xe8
 *(.vectors)
 .vectors       0x0000000000000000       0x54 C:/Users/chbib/.mchp_packs/Microchip/ATmega_DFP/3.0.158/xc8/avr/lib/avr5/memx-const/crtatmega32.o
                0x0000000000000000                __vector_default
                0x0000000000000000                __vectors
 *(.vectors)
 *(.progmem.gcc*)
 .progmem.gcc_sw_table.ADC_SELECT_CHANNEL
                0x0000000000000054       0x10 build/default/debug/MCAL/ADC/ADC_program.o
 *(.dinit)
 .dinit         0x0000000000000064       0x30 data_init
                0x0000000000000094                . = ALIGN (0x2)
 *fill*         0x0000000000000094        0x0 
                0x0000000000000094                __trampolines_start = .
 *(.trampolines)
 .trampolines   0x0000000000000094        0x0 linker stubs
 *(.trampolines*)
                0x0000000000000094                __trampolines_end = .
 *libprintf_flt.a:*(.progmem.data)
 *libc.a:*(.progmem.data)
                0x0000000000000094                . = ALIGN (0x2)
 *(.jumptables)
 *(.jumptables*)
 *(.lowtext)
 *(.lowtext*)
                0x0000000000000094                __ctors_start = .
 *(.ctors)
                0x0000000000000094                __ctors_end = .
                0x0000000000000094                __dtors_start = .
 *(.dtors)
                0x0000000000000094                __dtors_end = .
 SORT(*)(.ctors)
 SORT(*)(.dtors)
 *(.init0)
 .init0         0x0000000000000094        0x0 C:/Users/chbib/.mchp_packs/Microchip/ATmega_DFP/3.0.158/xc8/avr/lib/avr5/memx-const/crtatmega32.o
                0x0000000000000094                __init
 *(.init0)
 *(.init1)
 *(.init1)
 *(.init2)
 .init2         0x0000000000000094        0xc C:/Users/chbib/.mchp_packs/Microchip/ATmega_DFP/3.0.158/xc8/avr/lib/avr5/memx-const/crtatmega32.o
 *(.init2)
 *(.init3)
 *(.init3)
 *(.init4)
 .init4         0x00000000000000a0       0x3c c:/program files/microchip/xc8/v2.41/avr/bin/../lib/gcc/avr/5.4.0/avr5/memx-const\libgcc.a(_copy_data.o)
                0x00000000000000a0                __do_copy_data
                0x00000000000000ce                __do_clear_bss
 *(.init4)
 *(.init5)
 *(.init5)
 *(.init6)
 *(.init6)
 *(.init7)
 *(.init7)
 *(.init8)
 *(.init8)
 *(.init9)
 .init9         0x00000000000000dc        0x8 C:/Users/chbib/.mchp_packs/Microchip/ATmega_DFP/3.0.158/xc8/avr/lib/avr5/memx-const/crtatmega32.o
 *(.init9)
                0x00000000000000e4                . = ALIGN (0x2)
 *(.fini9)
 .fini9         0x00000000000000e4        0x0 c:/program files/microchip/xc8/v2.41/avr/bin/../lib/gcc/avr/5.4.0/avr5/memx-const\libgcc.a(_exit.o)
                0x00000000000000e4                _exit
 *(.fini9)
 *(.fini8)
 *(.fini8)
 *(.fini7)
 *(.fini7)
 *(.fini6)
 *(.fini6)
 *(.fini5)
 *(.fini5)
 *(.fini4)
 *(.fini4)
 *(.fini3)
 *(.fini3)
 *(.fini2)
 *(.fini2)
 *(.fini1)
 *(.fini1)
 *(.fini0)
 .fini0         0x00000000000000e4        0x4 c:/program files/microchip/xc8/v2.41/avr/bin/../lib/gcc/avr/5.4.0/avr5/memx-const\libgcc.a(_exit.o)
 *(.fini0)
                0x00000000000000e8                _etext = .

.data           0x0000000000800060        0x0 load address 0x00000000000000e8
                [!provide]                        PROVIDE (__data_start, .)
 *(.gnu.linkonce.d*)
 *(.gnu.linkonce.r*)
                0x0000000000800060                . = ALIGN (0x2)
                0x0000000000800060                _edata = .
                [!provide]                        PROVIDE (__data_end, .)

.bss            0x0000000000800060        0x2
                [!provide]                        PROVIDE (__bss_start, .)
 *(COMMON)
 COMMON         0x0000000000800060        0x2 c:/program files/microchip/xc8/v2.41/avr/bin/../lib/gcc/avr/5.4.0/../../../../avr/lib/avr5/memx-const\libc.a(errno.o)
                0x0000000000800060                __errno_val
                [!provide]                        PROVIDE (__bss_end, .)
                0x00000000000000e8                __data_load_start = LOADADDR (.data)
                0x00000000000000e8                __data_load_end = (__data_load_start + SIZEOF (.data))

.noinit         0x0000000000800062        0x0
                [!provide]                        PROVIDE (__noinit_start, .)
 *(.noinit*)
                [!provide]                        PROVIDE (__noinit_end, .)
                0x0000000000800062                _end = .

.eeprom         0x0000000000810000        0x0
 *(.eeprom*)
                0x0000000000810000                __eeprom_end = .

.fuse
 *(.fuse)
 *(.lfuse)
 *(.hfuse)
 *(.efuse)

.lock
 *(.lock*)

.signature
 *(.signature*)

.user_signatures
 *(.user_signatures*)

.bootrow
 *(.bootrow*)

.stab
 *(.stab)

.stabstr
 *(.stabstr)

.stab.excl
 *(.stab.excl)

.stab.exclstr
 *(.stab.exclstr)

.stab.index
 *(.stab.index)

.stab.indexstr
 *(.stab.indexstr)

.comment        0x0000000000000000       0x5b
 *(.comment)
 .comment       0x0000000000000000       0x2f build/default/debug/HAL/KeyPad/keypad_program.o
                                         0x30 (size before relaxing)
 .comment       0x000000000000002f       0x30 build/default/debug/HAL/LCD/LCD_Program.o
 .comment       0x000000000000002f       0x30 build/default/debug/HAL/SevenSegment/SEG_Program.o
 .comment       0x000000000000002f       0x30 build/default/debug/MCAL/ADC/ADC_program.o
 .comment       0x000000000000002f       0x30 build/default/debug/MCAL/DIO/DIO.o
 .comment       0x000000000000002f       0x30 build/default/debug/MCAL/Interrupt/EXT_GIE/EXT_GIE_Program.o
 .comment       0x000000000000002f       0x30 build/default/debug/MCAL/Interrupt/EXT_INT/EXT_INT_Program.o
 .comment       0x000000000000002f       0x30 build/default/debug/MCAL/TIMER0/TIMER0_Program.o
 .comment       0x000000000000002f       0x30 build/default/debug/MCAL/HAL_initializations.o
 .comment       0x000000000000002f       0x30 build/default/debug/Application.o
 .comment       0x000000000000002f       0x30 build/default/debug/MCAL/FAST_PWM/FAST_PWM_Program.o
 .comment       0x000000000000002f       0x2c c:/program files/microchip/xc8/v2.41/avr/bin/../lib/gcc/avr/5.4.0/../../../../avr/lib/avr5/memx-const\libc.a(exit.o)
                                         0x2d (size before relaxing)
 .comment       0x000000000000005b       0x2d c:/program files/microchip/xc8/v2.41/avr/bin/../lib/gcc/avr/5.4.0/../../../../avr/lib/avr5/memx-const\libc.a(__sio_sprintf_doux.o)
 .comment       0x000000000000005b       0x2d c:/program files/microchip/xc8/v2.41/avr/bin/../lib/gcc/avr/5.4.0/../../../../avr/lib/avr5/memx-const\libc.a(__fmt_d.o)
 .comment       0x000000000000005b       0x2d c:/program files/microchip/xc8/v2.41/avr/bin/../lib/gcc/avr/5.4.0/../../../../avr/lib/avr5/memx-const\libc.a(__fmt_o.o)
 .comment       0x000000000000005b       0x2d c:/program files/microchip/xc8/v2.41/avr/bin/../lib/gcc/avr/5.4.0/../../../../avr/lib/avr5/memx-const\libc.a(__fmt_s.o)
 .comment       0x000000000000005b       0x2d c:/program files/microchip/xc8/v2.41/avr/bin/../lib/gcc/avr/5.4.0/../../../../avr/lib/avr5/memx-const\libc.a(__fmt_u.o)
 .comment       0x000000000000005b       0x2d c:/program files/microchip/xc8/v2.41/avr/bin/../lib/gcc/avr/5.4.0/../../../../avr/lib/avr5/memx-const\libc.a(__fmt_x.o)
 .comment       0x000000000000005b       0x2d c:/program files/microchip/xc8/v2.41/avr/bin/../lib/gcc/avr/5.4.0/../../../../avr/lib/avr5/memx-const\libc.a(__pop_int.o)
 .comment       0x000000000000005b       0x2d c:/program files/microchip/xc8/v2.41/avr/bin/../lib/gcc/avr/5.4.0/../../../../avr/lib/avr5/memx-const\libc.a(__printf_core.o)
 .comment       0x000000000000005b       0x2d c:/program files/microchip/xc8/v2.41/avr/bin/../lib/gcc/avr/5.4.0/../../../../avr/lib/avr5/memx-const\libc.a(fputc.o)
 .comment       0x000000000000005b       0x2d c:/program files/microchip/xc8/v2.41/avr/bin/../lib/gcc/avr/5.4.0/../../../../avr/lib/avr5/memx-const\libc.a(strlen.o)
 .comment       0x000000000000005b       0x2d c:/program files/microchip/xc8/v2.41/avr/bin/../lib/gcc/avr/5.4.0/../../../../avr/lib/avr5/memx-const\libc.a(tolower.o)
 .comment       0x000000000000005b       0x2d c:/program files/microchip/xc8/v2.41/avr/bin/../lib/gcc/avr/5.4.0/../../../../avr/lib/avr5/memx-const\libc.a(toupper.o)
 .comment       0x000000000000005b       0x2d c:/program files/microchip/xc8/v2.41/avr/bin/../lib/gcc/avr/5.4.0/../../../../avr/lib/avr5/memx-const\libc.a(errno.o)
 .comment       0x000000000000005b       0x2d c:/program files/microchip/xc8/v2.41/avr/bin/../lib/gcc/avr/5.4.0/../../../../avr/lib/avr5/memx-const\libc.a(_Exit.o)
 .comment       0x000000000000005b       0x2d c:/program files/microchip/xc8/v2.41/avr/bin/../lib/gcc/avr/5.4.0/../../../../avr/lib/avr5/memx-const\libc.a(__int_vsprintf.o)
 .comment       0x000000000000005b       0x2d c:/program files/microchip/xc8/v2.41/avr/bin/../lib/gcc/avr/5.4.0/../../../../avr/lib/avr5/memx-const\libc.a(__int_vsnprintf.o)
 .comment       0x000000000000005b       0x2d c:/program files/microchip/xc8/v2.41/avr/bin/../lib/gcc/avr/5.4.0/../../../../avr/lib/avr5/memx-const\libc.a(__int_vfprintf.o)

.codecov_info.hdr
                0x0000000000000000       0x10
 .codecov_info.hdr
                0x0000000000000000       0x10 build/default/debug/HAL/KeyPad/keypad_program.o

.codecov_info   0x0000000000000000     0x17bc
 .codecov_info  0x0000000000000000      0x16c build/default/debug/HAL/KeyPad/keypad_program.o
 .codecov_info  0x000000000000016c      0x6a4 build/default/debug/HAL/LCD/LCD_Program.o
 .codecov_info  0x0000000000000810      0x384 build/default/debug/HAL/SevenSegment/SEG_Program.o
 .codecov_info  0x0000000000000b94      0x16c build/default/debug/MCAL/ADC/ADC_program.o
 .codecov_info  0x0000000000000d00      0x214 build/default/debug/MCAL/DIO/DIO.o
 .codecov_info  0x0000000000000f14       0x34 build/default/debug/MCAL/Interrupt/EXT_GIE/EXT_GIE_Program.o
 .codecov_info  0x0000000000000f48      0x414 build/default/debug/MCAL/Interrupt/EXT_INT/EXT_INT_Program.o
 .codecov_info  0x000000000000135c      0x1b4 build/default/debug/MCAL/TIMER0/TIMER0_Program.o
 .codecov_info  0x0000000000001510       0x24 build/default/debug/MCAL/HAL_initializations.o
 .codecov_info  0x0000000000001534       0x9c build/default/debug/Application.o
 .codecov_info  0x00000000000015d0      0x1ec build/default/debug/MCAL/FAST_PWM/FAST_PWM_Program.o

.stack.descriptors.hdr
                0x0000000000000000      0x24c
 .stack.descriptors.hdr
                0x0000000000000000        0xe c:/program files/microchip/xc8/v2.41/avr/bin/../lib/gcc/avr/5.4.0/../../../../avr/lib/avr5/memx-const\libm.a(addsf3.o)
 .stack.descriptors.hdr
                0x000000000000000e        0xe c:/program files/microchip/xc8/v2.41/avr/bin/../lib/gcc/avr/5.4.0/../../../../avr/lib/avr5/memx-const\libm.a(addsf3x.o)
 .stack.descriptors.hdr
                0x000000000000001c        0xe c:/program files/microchip/xc8/v2.41/avr/bin/../lib/gcc/avr/5.4.0/../../../../avr/lib/avr5/memx-const\libm.a(cmpsf2.o)
 .stack.descriptors.hdr
                0x000000000000002a        0xe c:/program files/microchip/xc8/v2.41/avr/bin/../lib/gcc/avr/5.4.0/../../../../avr/lib/avr5/memx-const\libm.a(fixsfsi.o)
 .stack.descriptors.hdr
                0x0000000000000038        0xe c:/program files/microchip/xc8/v2.41/avr/bin/../lib/gcc/avr/5.4.0/../../../../avr/lib/avr5/memx-const\libm.a(fixunssfsi.o)
 .stack.descriptors.hdr
                0x0000000000000046        0xe c:/program files/microchip/xc8/v2.41/avr/bin/../lib/gcc/avr/5.4.0/../../../../avr/lib/avr5/memx-const\libm.a(floatsisf.o)
 .stack.descriptors.hdr
                0x0000000000000054        0xe c:/program files/microchip/xc8/v2.41/avr/bin/../lib/gcc/avr/5.4.0/../../../../avr/lib/avr5/memx-const\libm.a(fp_cmp.o)
 .stack.descriptors.hdr
                0x0000000000000062        0xe c:/program files/microchip/xc8/v2.41/avr/bin/../lib/gcc/avr/5.4.0/../../../../avr/lib/avr5/memx-const\libm.a(fp_inf.o)
 .stack.descriptors.hdr
                0x0000000000000070        0xe c:/program files/microchip/xc8/v2.41/avr/bin/../lib/gcc/avr/5.4.0/../../../../avr/lib/avr5/memx-const\libm.a(fp_nan.o)
 .stack.descriptors.hdr
                0x000000000000007e        0xe c:/program files/microchip/xc8/v2.41/avr/bin/../lib/gcc/avr/5.4.0/../../../../avr/lib/avr5/memx-const\libm.a(fp_pscA.o)
 .stack.descriptors.hdr
                0x000000000000008c        0xe c:/program files/microchip/xc8/v2.41/avr/bin/../lib/gcc/avr/5.4.0/../../../../avr/lib/avr5/memx-const\libm.a(fp_pscB.o)
 .stack.descriptors.hdr
                0x000000000000009a        0xe c:/program files/microchip/xc8/v2.41/avr/bin/../lib/gcc/avr/5.4.0/../../../../avr/lib/avr5/memx-const\libm.a(fp_round.o)
 .stack.descriptors.hdr
                0x00000000000000a8        0xe c:/program files/microchip/xc8/v2.41/avr/bin/../lib/gcc/avr/5.4.0/../../../../avr/lib/avr5/memx-const\libm.a(fp_split3.o)
 .stack.descriptors.hdr
                0x00000000000000b6        0xe c:/program files/microchip/xc8/v2.41/avr/bin/../lib/gcc/avr/5.4.0/../../../../avr/lib/avr5/memx-const\libm.a(fp_zero.o)
 .stack.descriptors.hdr
                0x00000000000000c4        0xe c:/program files/microchip/xc8/v2.41/avr/bin/../lib/gcc/avr/5.4.0/../../../../avr/lib/avr5/memx-const\libm.a(gesf2.o)
 .stack.descriptors.hdr
                0x00000000000000d2        0xe c:/program files/microchip/xc8/v2.41/avr/bin/../lib/gcc/avr/5.4.0/../../../../avr/lib/avr5/memx-const\libm.a(mulsf3.o)
 .stack.descriptors.hdr
                0x00000000000000e0        0xe c:/program files/microchip/xc8/v2.41/avr/bin/../lib/gcc/avr/5.4.0/../../../../avr/lib/avr5/memx-const\libm.a(mulsf3x.o)
 .stack.descriptors.hdr
                0x00000000000000ee        0xe c:/program files/microchip/xc8/v2.41/avr/bin/../lib/gcc/avr/5.4.0/avr5/memx-const\libgcc.a(_divmodsi4.o)
 .stack.descriptors.hdr
                0x00000000000000fc        0xe c:/program files/microchip/xc8/v2.41/avr/bin/../lib/gcc/avr/5.4.0/avr5/memx-const\libgcc.a(_negsi2.o)
 .stack.descriptors.hdr
                0x000000000000010a        0xe c:/program files/microchip/xc8/v2.41/avr/bin/../lib/gcc/avr/5.4.0/avr5/memx-const\libgcc.a(_tablejump2.o)
 .stack.descriptors.hdr
                0x0000000000000118        0xe c:/program files/microchip/xc8/v2.41/avr/bin/../lib/gcc/avr/5.4.0/avr5/memx-const\libgcc.a(_muluhisi3.o)
 .stack.descriptors.hdr
                0x0000000000000126        0xe c:/program files/microchip/xc8/v2.41/avr/bin/../lib/gcc/avr/5.4.0/avr5/memx-const\libgcc.a(_udivmodsi4.o)
 .stack.descriptors.hdr
                0x0000000000000134        0xe c:/program files/microchip/xc8/v2.41/avr/bin/../lib/gcc/avr/5.4.0/avr5/memx-const\libgcc.a(_umulhisi3.o)
 .stack.descriptors.hdr
                0x0000000000000142        0xe c:/program files/microchip/xc8/v2.41/avr/bin/../lib/gcc/avr/5.4.0/../../../../avr/lib/avr5/memx-const\libc.a(exit.o)
 .stack.descriptors.hdr
                0x0000000000000150        0xe c:/program files/microchip/xc8/v2.41/avr/bin/../lib/gcc/avr/5.4.0/../../../../avr/lib/avr5/memx-const\libc.a(__sio_sprintf_doux.o)
 .stack.descriptors.hdr
                0x000000000000015e        0xe c:/program files/microchip/xc8/v2.41/avr/bin/../lib/gcc/avr/5.4.0/../../../../avr/lib/avr5/memx-const\libc.a(__fmt_d.o)
 .stack.descriptors.hdr
                0x000000000000016c        0xe c:/program files/microchip/xc8/v2.41/avr/bin/../lib/gcc/avr/5.4.0/../../../../avr/lib/avr5/memx-const\libc.a(__fmt_o.o)
 .stack.descriptors.hdr
                0x000000000000017a        0xe c:/program files/microchip/xc8/v2.41/avr/bin/../lib/gcc/avr/5.4.0/../../../../avr/lib/avr5/memx-const\libc.a(__fmt_s.o)
 .stack.descriptors.hdr
                0x0000000000000188        0xe c:/program files/microchip/xc8/v2.41/avr/bin/../lib/gcc/avr/5.4.0/../../../../avr/lib/avr5/memx-const\libc.a(__fmt_u.o)
 .stack.descriptors.hdr
                0x0000000000000196        0xe c:/program files/microchip/xc8/v2.41/avr/bin/../lib/gcc/avr/5.4.0/../../../../avr/lib/avr5/memx-const\libc.a(__fmt_x.o)
 .stack.descriptors.hdr
                0x00000000000001a4        0xe c:/program files/microchip/xc8/v2.41/avr/bin/../lib/gcc/avr/5.4.0/../../../../avr/lib/avr5/memx-const\libc.a(__pop_int.o)
 .stack.descriptors.hdr
                0x00000000000001b2        0xe c:/program files/microchip/xc8/v2.41/avr/bin/../lib/gcc/avr/5.4.0/../../../../avr/lib/avr5/memx-const\libc.a(__printf_core.o)
 .stack.descriptors.hdr
                0x00000000000001c0        0xe c:/program files/microchip/xc8/v2.41/avr/bin/../lib/gcc/avr/5.4.0/../../../../avr/lib/avr5/memx-const\libc.a(fputc.o)
 .stack.descriptors.hdr
                0x00000000000001ce        0xe c:/program files/microchip/xc8/v2.41/avr/bin/../lib/gcc/avr/5.4.0/../../../../avr/lib/avr5/memx-const\libc.a(strlen.o)
 .stack.descriptors.hdr
                0x00000000000001dc        0xe c:/program files/microchip/xc8/v2.41/avr/bin/../lib/gcc/avr/5.4.0/../../../../avr/lib/avr5/memx-const\libc.a(tolower.o)
 .stack.descriptors.hdr
                0x00000000000001ea        0xe c:/program files/microchip/xc8/v2.41/avr/bin/../lib/gcc/avr/5.4.0/../../../../avr/lib/avr5/memx-const\libc.a(toupper.o)
 .stack.descriptors.hdr
                0x00000000000001f8        0xe c:/program files/microchip/xc8/v2.41/avr/bin/../lib/gcc/avr/5.4.0/../../../../avr/lib/avr5/memx-const\libc.a(errno.o)
 .stack.descriptors.hdr
                0x0000000000000206        0xe c:/program files/microchip/xc8/v2.41/avr/bin/../lib/gcc/avr/5.4.0/../../../../avr/lib/avr5/memx-const\libc.a(_Exit.o)
 .stack.descriptors.hdr
                0x0000000000000214        0xe c:/program files/microchip/xc8/v2.41/avr/bin/../lib/gcc/avr/5.4.0/../../../../avr/lib/avr5/memx-const\libc.a(__int_vsprintf.o)
 .stack.descriptors.hdr
                0x0000000000000222        0xe c:/program files/microchip/xc8/v2.41/avr/bin/../lib/gcc/avr/5.4.0/../../../../avr/lib/avr5/memx-const\libc.a(__int_vsnprintf.o)
 .stack.descriptors.hdr
                0x0000000000000230        0xe c:/program files/microchip/xc8/v2.41/avr/bin/../lib/gcc/avr/5.4.0/../../../../avr/lib/avr5/memx-const\libc.a(__int_vfprintf.o)
 .stack.descriptors.hdr
                0x000000000000023e        0xe c:/program files/microchip/xc8/v2.41/avr/bin/../lib/gcc/avr/5.4.0/avr5/memx-const\libgcc.a(_exit.o)

.note.GNU-stack
                0x0000000000000000        0x0
 .note.GNU-stack
                0x0000000000000000        0x0 c:/program files/microchip/xc8/v2.41/avr/bin/../lib/gcc/avr/5.4.0/../../../../avr/lib/avr5/memx-const\libm.a(addsf3.o)
 .note.GNU-stack
                0x0000000000000000        0x0 c:/program files/microchip/xc8/v2.41/avr/bin/../lib/gcc/avr/5.4.0/../../../../avr/lib/avr5/memx-const\libm.a(addsf3x.o)
 .note.GNU-stack
                0x0000000000000000        0x0 c:/program files/microchip/xc8/v2.41/avr/bin/../lib/gcc/avr/5.4.0/../../../../avr/lib/avr5/memx-const\libm.a(cmpsf2.o)
 .note.GNU-stack
                0x0000000000000000        0x0 c:/program files/microchip/xc8/v2.41/avr/bin/../lib/gcc/avr/5.4.0/../../../../avr/lib/avr5/memx-const\libm.a(fixsfsi.o)
 .note.GNU-stack
                0x0000000000000000        0x0 c:/program files/microchip/xc8/v2.41/avr/bin/../lib/gcc/avr/5.4.0/../../../../avr/lib/avr5/memx-const\libm.a(fixunssfsi.o)
 .note.GNU-stack
                0x0000000000000000        0x0 c:/program files/microchip/xc8/v2.41/avr/bin/../lib/gcc/avr/5.4.0/../../../../avr/lib/avr5/memx-const\libm.a(floatsisf.o)
 .note.GNU-stack
                0x0000000000000000        0x0 c:/program files/microchip/xc8/v2.41/avr/bin/../lib/gcc/avr/5.4.0/../../../../avr/lib/avr5/memx-const\libm.a(fp_cmp.o)
 .note.GNU-stack
                0x0000000000000000        0x0 c:/program files/microchip/xc8/v2.41/avr/bin/../lib/gcc/avr/5.4.0/../../../../avr/lib/avr5/memx-const\libm.a(fp_inf.o)
 .note.GNU-stack
                0x0000000000000000        0x0 c:/program files/microchip/xc8/v2.41/avr/bin/../lib/gcc/avr/5.4.0/../../../../avr/lib/avr5/memx-const\libm.a(fp_nan.o)
 .note.GNU-stack
                0x0000000000000000        0x0 c:/program files/microchip/xc8/v2.41/avr/bin/../lib/gcc/avr/5.4.0/../../../../avr/lib/avr5/memx-const\libm.a(fp_pscA.o)
 .note.GNU-stack
                0x0000000000000000        0x0 c:/program files/microchip/xc8/v2.41/avr/bin/../lib/gcc/avr/5.4.0/../../../../avr/lib/avr5/memx-const\libm.a(fp_pscB.o)
 .note.GNU-stack
                0x0000000000000000        0x0 c:/program files/microchip/xc8/v2.41/avr/bin/../lib/gcc/avr/5.4.0/../../../../avr/lib/avr5/memx-const\libm.a(fp_round.o)
 .note.GNU-stack
                0x0000000000000000        0x0 c:/program files/microchip/xc8/v2.41/avr/bin/../lib/gcc/avr/5.4.0/../../../../avr/lib/avr5/memx-const\libm.a(fp_split3.o)
 .note.GNU-stack
                0x0000000000000000        0x0 c:/program files/microchip/xc8/v2.41/avr/bin/../lib/gcc/avr/5.4.0/../../../../avr/lib/avr5/memx-const\libm.a(fp_zero.o)
 .note.GNU-stack
                0x0000000000000000        0x0 c:/program files/microchip/xc8/v2.41/avr/bin/../lib/gcc/avr/5.4.0/../../../../avr/lib/avr5/memx-const\libm.a(gesf2.o)
 .note.GNU-stack
                0x0000000000000000        0x0 c:/program files/microchip/xc8/v2.41/avr/bin/../lib/gcc/avr/5.4.0/../../../../avr/lib/avr5/memx-const\libm.a(mulsf3.o)
 .note.GNU-stack
                0x0000000000000000        0x0 c:/program files/microchip/xc8/v2.41/avr/bin/../lib/gcc/avr/5.4.0/../../../../avr/lib/avr5/memx-const\libm.a(mulsf3x.o)
 .note.GNU-stack
                0x0000000000000000        0x0 c:/program files/microchip/xc8/v2.41/avr/bin/../lib/gcc/avr/5.4.0/../../../../avr/lib/avr5/memx-const\libc.a(exit.o)
 .note.GNU-stack
                0x0000000000000000        0x0 c:/program files/microchip/xc8/v2.41/avr/bin/../lib/gcc/avr/5.4.0/../../../../avr/lib/avr5/memx-const\libc.a(__sio_sprintf_doux.o)
 .note.GNU-stack
                0x0000000000000000        0x0 c:/program files/microchip/xc8/v2.41/avr/bin/../lib/gcc/avr/5.4.0/../../../../avr/lib/avr5/memx-const\libc.a(__fmt_d.o)
 .note.GNU-stack
                0x0000000000000000        0x0 c:/program files/microchip/xc8/v2.41/avr/bin/../lib/gcc/avr/5.4.0/../../../../avr/lib/avr5/memx-const\libc.a(__fmt_o.o)
 .note.GNU-stack
                0x0000000000000000        0x0 c:/program files/microchip/xc8/v2.41/avr/bin/../lib/gcc/avr/5.4.0/../../../../avr/lib/avr5/memx-const\libc.a(__fmt_s.o)
 .note.GNU-stack
                0x0000000000000000        0x0 c:/program files/microchip/xc8/v2.41/avr/bin/../lib/gcc/avr/5.4.0/../../../../avr/lib/avr5/memx-const\libc.a(__fmt_u.o)
 .note.GNU-stack
                0x0000000000000000        0x0 c:/program files/microchip/xc8/v2.41/avr/bin/../lib/gcc/avr/5.4.0/../../../../avr/lib/avr5/memx-const\libc.a(__fmt_x.o)
 .note.GNU-stack
                0x0000000000000000        0x0 c:/program files/microchip/xc8/v2.41/avr/bin/../lib/gcc/avr/5.4.0/../../../../avr/lib/avr5/memx-const\libc.a(__pop_int.o)
 .note.GNU-stack
                0x0000000000000000        0x0 c:/program files/microchip/xc8/v2.41/avr/bin/../lib/gcc/avr/5.4.0/../../../../avr/lib/avr5/memx-const\libc.a(__printf_core.o)
 .note.GNU-stack
                0x0000000000000000        0x0 c:/program files/microchip/xc8/v2.41/avr/bin/../lib/gcc/avr/5.4.0/../../../../avr/lib/avr5/memx-const\libc.a(fputc.o)
 .note.GNU-stack
                0x0000000000000000        0x0 c:/program files/microchip/xc8/v2.41/avr/bin/../lib/gcc/avr/5.4.0/../../../../avr/lib/avr5/memx-const\libc.a(strlen.o)
 .note.GNU-stack
                0x0000000000000000        0x0 c:/program files/microchip/xc8/v2.41/avr/bin/../lib/gcc/avr/5.4.0/../../../../avr/lib/avr5/memx-const\libc.a(tolower.o)
 .note.GNU-stack
                0x0000000000000000        0x0 c:/program files/microchip/xc8/v2.41/avr/bin/../lib/gcc/avr/5.4.0/../../../../avr/lib/avr5/memx-const\libc.a(toupper.o)
 .note.GNU-stack
                0x0000000000000000        0x0 c:/program files/microchip/xc8/v2.41/avr/bin/../lib/gcc/avr/5.4.0/../../../../avr/lib/avr5/memx-const\libc.a(errno.o)
 .note.GNU-stack
                0x0000000000000000        0x0 c:/program files/microchip/xc8/v2.41/avr/bin/../lib/gcc/avr/5.4.0/../../../../avr/lib/avr5/memx-const\libc.a(_Exit.o)
 .note.GNU-stack
                0x0000000000000000        0x0 c:/program files/microchip/xc8/v2.41/avr/bin/../lib/gcc/avr/5.4.0/../../../../avr/lib/avr5/memx-const\libc.a(__int_vsprintf.o)
 .note.GNU-stack
                0x0000000000000000        0x0 c:/program files/microchip/xc8/v2.41/avr/bin/../lib/gcc/avr/5.4.0/../../../../avr/lib/avr5/memx-const\libc.a(__int_vsnprintf.o)
 .note.GNU-stack
                0x0000000000000000        0x0 c:/program files/microchip/xc8/v2.41/avr/bin/../lib/gcc/avr/5.4.0/../../../../avr/lib/avr5/memx-const\libc.a(__int_vfprintf.o)

.note.gnu.build-id
 *(.note.gnu.build-id)

.debug
 *(.debug)

.line
 *(.line)

.debug_srcinfo
 *(.debug_srcinfo)

.debug_sfnames
 *(.debug_sfnames)

.debug_aranges  0x0000000000000000      0x2e0
 *(.debug_aranges)
 .debug_aranges
                0x0000000000000000       0x28 build/default/debug/HAL/KeyPad/keypad_program.o
 .debug_aranges
                0x0000000000000028       0x90 build/default/debug/HAL/LCD/LCD_Program.o
 .debug_aranges
                0x00000000000000b8       0x38 build/default/debug/HAL/SevenSegment/SEG_Program.o
 .debug_aranges
                0x00000000000000f0       0x38 build/default/debug/MCAL/ADC/ADC_program.o
 .debug_aranges
                0x0000000000000128       0x48 build/default/debug/MCAL/DIO/DIO.o
 .debug_aranges
                0x0000000000000170       0x28 build/default/debug/MCAL/Interrupt/EXT_GIE/EXT_GIE_Program.o
 .debug_aranges
                0x0000000000000198       0x48 build/default/debug/MCAL/Interrupt/EXT_INT/EXT_INT_Program.o
 .debug_aranges
                0x00000000000001e0       0x78 build/default/debug/MCAL/TIMER0/TIMER0_Program.o
 .debug_aranges
                0x0000000000000258       0x20 build/default/debug/MCAL/HAL_initializations.o
 .debug_aranges
                0x0000000000000278       0x28 build/default/debug/Application.o
 .debug_aranges
                0x00000000000002a0       0x40 build/default/debug/MCAL/FAST_PWM/FAST_PWM_Program.o

.debug_pubnames
 *(.debug_pubnames)

.debug_info     0x0000000000000000     0x58b7
 *(.debug_info .gnu.linkonce.wi.*)
 .debug_info    0x0000000000000000      0x4e6 C:/Users/chbib/.mchp_packs/Microchip/ATmega_DFP/3.0.158/xc8/avr/lib/avr5/memx-const/crtatmega32.o
 .debug_info    0x00000000000004e6      0x73a build/default/debug/HAL/KeyPad/keypad_program.o
 .debug_info    0x0000000000000c20     0x1599 build/default/debug/HAL/LCD/LCD_Program.o
 .debug_info    0x00000000000021b9      0x892 build/default/debug/HAL/SevenSegment/SEG_Program.o
 .debug_info    0x0000000000002a4b      0x469 build/default/debug/MCAL/ADC/ADC_program.o
 .debug_info    0x0000000000002eb4      0x707 build/default/debug/MCAL/DIO/DIO.o
 .debug_info    0x00000000000035bb      0x30d build/default/debug/MCAL/Interrupt/EXT_GIE/EXT_GIE_Program.o
 .debug_info    0x00000000000038c8      0x439 build/default/debug/MCAL/Interrupt/EXT_INT/EXT_INT_Program.o
 .debug_info    0x0000000000003d01      0x681 build/default/debug/MCAL/TIMER0/TIMER0_Program.o
 .debug_info    0x0000000000004382      0x736 build/default/debug/MCAL/HAL_initializations.o
 .debug_info    0x0000000000004ab8      0x9fe build/default/debug/Application.o
 .debug_info    0x00000000000054b6      0x401 build/default/debug/MCAL/FAST_PWM/FAST_PWM_Program.o

.debug_abbrev   0x0000000000000000     0x11fe
 *(.debug_abbrev)
 .debug_abbrev  0x0000000000000000      0x4a3 C:/Users/chbib/.mchp_packs/Microchip/ATmega_DFP/3.0.158/xc8/avr/lib/avr5/memx-const/crtatmega32.o
 .debug_abbrev  0x00000000000004a3      0x1a3 build/default/debug/HAL/KeyPad/keypad_program.o
 .debug_abbrev  0x0000000000000646      0x278 build/default/debug/HAL/LCD/LCD_Program.o
 .debug_abbrev  0x00000000000008be      0x10b build/default/debug/HAL/SevenSegment/SEG_Program.o
 .debug_abbrev  0x00000000000009c9       0xf2 build/default/debug/MCAL/ADC/ADC_program.o
 .debug_abbrev  0x0000000000000abb      0x147 build/default/debug/MCAL/DIO/DIO.o
 .debug_abbrev  0x0000000000000c02       0x46 build/default/debug/MCAL/Interrupt/EXT_GIE/EXT_GIE_Program.o
 .debug_abbrev  0x0000000000000c48       0xb1 build/default/debug/MCAL/Interrupt/EXT_INT/EXT_INT_Program.o
 .debug_abbrev  0x0000000000000cf9      0x1a9 build/default/debug/MCAL/TIMER0/TIMER0_Program.o
 .debug_abbrev  0x0000000000000ea2       0xe0 build/default/debug/MCAL/HAL_initializations.o
 .debug_abbrev  0x0000000000000f82      0x18b build/default/debug/Application.o
 .debug_abbrev  0x000000000000110d       0xf1 build/default/debug/MCAL/FAST_PWM/FAST_PWM_Program.o

.debug_line     0x0000000000000000     0x1a8a
 *(.debug_line .debug_line.* .debug_line_end)
 .debug_line    0x0000000000000000      0x119 C:/Users/chbib/.mchp_packs/Microchip/ATmega_DFP/3.0.158/xc8/avr/lib/avr5/memx-const/crtatmega32.o
 .debug_line    0x0000000000000119      0x202 build/default/debug/HAL/KeyPad/keypad_program.o
 .debug_line    0x000000000000031b      0x60d build/default/debug/HAL/LCD/LCD_Program.o
 .debug_line    0x0000000000000928      0x223 build/default/debug/HAL/SevenSegment/SEG_Program.o
 .debug_line    0x0000000000000b4b      0x27a build/default/debug/MCAL/ADC/ADC_program.o
 .debug_line    0x0000000000000dc5      0x1c7 build/default/debug/MCAL/DIO/DIO.o
 .debug_line    0x0000000000000f8c       0xe9 build/default/debug/MCAL/Interrupt/EXT_GIE/EXT_GIE_Program.o
 .debug_line    0x0000000000001075      0x23e build/default/debug/MCAL/Interrupt/EXT_INT/EXT_INT_Program.o
 .debug_line    0x00000000000012b3      0x258 build/default/debug/MCAL/TIMER0/TIMER0_Program.o
 .debug_line    0x000000000000150b      0x14a build/default/debug/MCAL/HAL_initializations.o
 .debug_line    0x0000000000001655      0x26e build/default/debug/Application.o
 .debug_line    0x00000000000018c3      0x1c7 build/default/debug/MCAL/FAST_PWM/FAST_PWM_Program.o

.debug_frame    0x0000000000000000      0x958
 *(.debug_frame)
 .debug_frame   0x0000000000000000       0xb8 build/default/debug/HAL/KeyPad/keypad_program.o
 .debug_frame   0x00000000000000b8      0x310 build/default/debug/HAL/LCD/LCD_Program.o
 .debug_frame   0x00000000000003c8       0x80 build/default/debug/HAL/SevenSegment/SEG_Program.o
 .debug_frame   0x0000000000000448       0x60 build/default/debug/MCAL/ADC/ADC_program.o
 .debug_frame   0x00000000000004a8       0x84 build/default/debug/MCAL/DIO/DIO.o
 .debug_frame   0x000000000000052c       0x34 build/default/debug/MCAL/Interrupt/EXT_GIE/EXT_GIE_Program.o
 .debug_frame   0x0000000000000560      0x14c build/default/debug/MCAL/Interrupt/EXT_INT/EXT_INT_Program.o
 .debug_frame   0x00000000000006ac      0x1a8 build/default/debug/MCAL/TIMER0/TIMER0_Program.o
 .debug_frame   0x0000000000000854       0x24 build/default/debug/MCAL/HAL_initializations.o
 .debug_frame   0x0000000000000878       0x70 build/default/debug/Application.o
 .debug_frame   0x00000000000008e8       0x70 build/default/debug/MCAL/FAST_PWM/FAST_PWM_Program.o

.debug_str      0x0000000000000000      0x37e
 *(.debug_str)
 .debug_str     0x0000000000000000      0x196 C:/Users/chbib/.mchp_packs/Microchip/ATmega_DFP/3.0.158/xc8/avr/lib/avr5/memx-const/crtatmega32.o
 .debug_str     0x0000000000000196       0x75 build/default/debug/HAL/KeyPad/keypad_program.o
 .debug_str     0x000000000000020b       0x40 build/default/debug/HAL/LCD/LCD_Program.o
 .debug_str     0x000000000000024b       0x2a build/default/debug/HAL/SevenSegment/SEG_Program.o
 .debug_str     0x0000000000000275        0x0 build/default/debug/MCAL/ADC/ADC_program.o
 .debug_str     0x0000000000000275        0xc build/default/debug/MCAL/DIO/DIO.o
 .debug_str     0x0000000000000281        0x0 build/default/debug/MCAL/Interrupt/EXT_GIE/EXT_GIE_Program.o
 .debug_str     0x0000000000000281       0x11 build/default/debug/MCAL/Interrupt/EXT_INT/EXT_INT_Program.o
 .debug_str     0x0000000000000292       0x26 build/default/debug/MCAL/TIMER0/TIMER0_Program.o
 .debug_str     0x00000000000002b8       0x30 build/default/debug/MCAL/HAL_initializations.o
 .debug_str     0x00000000000002e8       0x8a build/default/debug/Application.o
 .debug_str     0x0000000000000372        0xc build/default/debug/MCAL/FAST_PWM/FAST_PWM_Program.o

.debug_loc      0x0000000000000000     0x2317
 *(.debug_loc)
 .debug_loc     0x0000000000000000      0x312 build/default/debug/HAL/KeyPad/keypad_program.o
 .debug_loc     0x0000000000000312     0x1301 build/default/debug/HAL/LCD/LCD_Program.o
 .debug_loc     0x0000000000001613      0x460 build/default/debug/HAL/SevenSegment/SEG_Program.o
 .debug_loc     0x0000000000001a73       0x8c build/default/debug/MCAL/ADC/ADC_program.o
 .debug_loc     0x0000000000001aff      0x19b build/default/debug/MCAL/DIO/DIO.o
 .debug_loc     0x0000000000001c9a       0xa6 build/default/debug/MCAL/Interrupt/EXT_INT/EXT_INT_Program.o
 .debug_loc     0x0000000000001d40      0x20b build/default/debug/MCAL/TIMER0/TIMER0_Program.o
 .debug_loc     0x0000000000001f4b       0x14 build/default/debug/MCAL/HAL_initializations.o
 .debug_loc     0x0000000000001f5f      0x2a4 build/default/debug/Application.o
 .debug_loc     0x0000000000002203      0x114 build/default/debug/MCAL/FAST_PWM/FAST_PWM_Program.o

.debug_macinfo
 *(.debug_macinfo)

.debug_weaknames
 *(.debug_weaknames)

.debug_funcnames
 *(.debug_funcnames)

.debug_typenames
 *(.debug_typenames)

.debug_varnames
 *(.debug_varnames)

.debug_pubtypes
 *(.debug_pubtypes)

.debug_ranges   0x0000000000000000      0x2a8
 *(.debug_ranges)
 .debug_ranges  0x0000000000000000       0x18 build/default/debug/HAL/KeyPad/keypad_program.o
 .debug_ranges  0x0000000000000018       0xe0 build/default/debug/HAL/LCD/LCD_Program.o
 .debug_ranges  0x00000000000000f8       0x28 build/default/debug/HAL/SevenSegment/SEG_Program.o
 .debug_ranges  0x0000000000000120       0x28 build/default/debug/MCAL/ADC/ADC_program.o
 .debug_ranges  0x0000000000000148       0x38 build/default/debug/MCAL/DIO/DIO.o
 .debug_ranges  0x0000000000000180       0x18 build/default/debug/MCAL/Interrupt/EXT_GIE/EXT_GIE_Program.o
 .debug_ranges  0x0000000000000198       0x38 build/default/debug/MCAL/Interrupt/EXT_INT/EXT_INT_Program.o
 .debug_ranges  0x00000000000001d0       0x80 build/default/debug/MCAL/TIMER0/TIMER0_Program.o
 .debug_ranges  0x0000000000000250       0x10 build/default/debug/MCAL/HAL_initializations.o
 .debug_ranges  0x0000000000000260       0x18 build/default/debug/Application.o
 .debug_ranges  0x0000000000000278       0x30 build/default/debug/MCAL/FAST_PWM/FAST_PWM_Program.o

.debug_macro
 *(.debug_macro)
OUTPUT(dist/default/debug/Atmega32Avr.X.debug.elf elf32-avr)
LOAD linker stubs
LOAD data_init

.note.gnu.avr.deviceinfo
                0x0000000000000000       0x3c
 .note.gnu.avr.deviceinfo
                0x0000000000000000       0x3c C:/Users/chbib/.mchp_packs/Microchip/ATmega_DFP/3.0.158/xc8/avr/lib/avr5/memx-const/crtatmega32.o

.bss            0x00000000008000a7        0x1
 .bss           0x00000000008000a7        0x1 build/default/debug/HAL/KeyPad/keypad_program.o

.bss            0x0000000000800082        0x7
 .bss           0x0000000000800082        0x7 build/default/debug/HAL/LCD/LCD_Program.o

.bss            0x0000000000800095        0x3
 .bss           0x0000000000800095        0x3 build/default/debug/HAL/SevenSegment/SEG_Program.o

.bss            0x00000000008000a1        0x2
 .bss           0x00000000008000a1        0x2 build/default/debug/MCAL/ADC/ADC_program.o

.bss            0x0000000000800098        0x3
 .bss           0x0000000000800098        0x3 build/default/debug/MCAL/DIO/DIO.o

.bss            0x00000000008000a8        0x1
 .bss           0x00000000008000a8        0x1 build/default/debug/MCAL/Interrupt/EXT_GIE/EXT_GIE_Program.o

.bss            0x000000000080009b        0x3
 .bss           0x000000000080009b        0x3 build/default/debug/MCAL/Interrupt/EXT_INT/EXT_INT_Program.o

.bss.EXINT_ApfuncEXINT
                0x0000000000800089        0x6
 .bss.EXINT_ApfuncEXINT
                0x0000000000800089        0x6 build/default/debug/MCAL/Interrupt/EXT_INT/EXT_INT_Program.o
                0x0000000000800089                EXINT_ApfuncEXINT

.bss            0x000000000080009e        0x3
 .bss           0x000000000080009e        0x3 build/default/debug/MCAL/TIMER0/TIMER0_Program.o

.bss.TIMER0_CallBack
                0x00000000008000a3        0x2
 .bss.TIMER0_CallBack
                0x00000000008000a3        0x2 build/default/debug/MCAL/TIMER0/TIMER0_Program.o
                0x00000000008000a3                TIMER0_CallBack

.bss            0x00000000008000a9        0x1
 .bss           0x00000000008000a9        0x1 build/default/debug/MCAL/HAL_initializations.o

.bss            0x00000000008000b0        0x1
 .bss           0x00000000008000b0        0x1 build/default/debug/Application.o

.bss            0x00000000008000a5        0x2
 .bss           0x00000000008000a5        0x2 build/default/debug/MCAL/FAST_PWM/FAST_PWM_Program.o

.progmemx.data  0x00000000000000e8       0x4d
 .progmemx.data
                0x00000000000000e8       0x4d build/default/debug/Application.o

.progmemx.data.state_table
                0x0000000000000135       0x16
 .progmemx.data.state_table
                0x0000000000000135       0x16 c:/program files/microchip/xc8/v2.41/avr/bin/../lib/gcc/avr/5.4.0/../../../../avr/lib/avr5/memx-const\libc.a(__printf_core.o)

.progmemx.data.KeyPadMatrix
                0x000000000000014b       0x10
 .progmemx.data.KeyPadMatrix
                0x000000000000014b       0x10 build/default/debug/HAL/KeyPad/keypad_program.o

.progmemx.data.nuls.2781
                0x000000000000015b        0x7
 .progmemx.data.nuls.2781
                0x000000000000015b        0x7 c:/program files/microchip/xc8/v2.41/avr/bin/../lib/gcc/avr/5.4.0/../../../../avr/lib/avr5/memx-const\libc.a(__fmt_s.o)

.progmemx.data.nilstr.2962
                0x0000000000000162        0x6
 .progmemx.data.nilstr.2962
                0x0000000000000162        0x6 c:/program files/microchip/xc8/v2.41/avr/bin/../lib/gcc/avr/5.4.0/../../../../avr/lib/avr5/memx-const\libc.a(__printf_core.o)

.progmemx.data  0x0000000000000168        0x3
 .progmemx.data
                0x0000000000000168        0x3 build/default/debug/HAL/LCD/LCD_Program.o

.data.ADC_CH1   0x00000000008000aa        0x1 load address 0x000000000000016b
 .data.ADC_CH1  0x00000000008000aa        0x1 build/default/debug/MCAL/HAL_initializations.o
                0x00000000008000aa                ADC_CH1

.text.vfpfcnvrt
                0x000000000000016c      0x4d8
 .text.vfpfcnvrt
                0x000000000000016c      0x4d8 c:/program files/microchip/xc8/v2.41/avr/bin/../lib/gcc/avr/5.4.0/../../../../avr/lib/avr5/memx-const\libc.a(__printf_core.o)
                0x000000000000016c                vfpfcnvrt

.text.EXTINT_voidEnable
                0x0000000000000644      0x1fe
 .text.EXTINT_voidEnable
                0x0000000000000644      0x1fe build/default/debug/MCAL/Interrupt/EXT_INT/EXT_INT_Program.o
                0x0000000000000644                EXTINT_voidEnable

.text.__fmt_x   0x0000000000000842      0x1da
 .text.__fmt_x  0x0000000000000842      0x1da c:/program files/microchip/xc8/v2.41/avr/bin/../lib/gcc/avr/5.4.0/../../../../avr/lib/avr5/memx-const\libc.a(__fmt_x.o)
                0x0000000000000842                __fmt_x_needed
                0x0000000000000842                __fmt_x

.text.main      0x0000000000000a1c      0x1d8
 .text.main     0x0000000000000a1c      0x1d8 build/default/debug/Application.o
                0x0000000000000a1c                main

.text.delay_us  0x0000000000000bf4      0x1b0
 .text.delay_us
                0x0000000000000bf4      0x1b0 build/default/debug/MCAL/TIMER0/TIMER0_Program.o
                0x0000000000000bf4                delay_us

.text.keypad_read_value
                0x0000000000000da4      0x1ae
 .text.keypad_read_value
                0x0000000000000da4      0x1ae build/default/debug/HAL/KeyPad/keypad_program.o
                0x0000000000000da4                keypad_read_value

.text.H_LCD_4BIT_INIT
                0x0000000000000f52      0x1a2
 .text.H_LCD_4BIT_INIT
                0x0000000000000f52      0x1a2 build/default/debug/HAL/LCD/LCD_Program.o
                0x0000000000000f52                H_LCD_4BIT_INIT

.text.H_LCD_4BIT_SEND_FLOAT
                0x00000000000010f4      0x174
 .text.H_LCD_4BIT_SEND_FLOAT
                0x00000000000010f4      0x174 build/default/debug/HAL/LCD/LCD_Program.o
                0x00000000000010f4                H_LCD_4BIT_SEND_FLOAT

.text.H_LCD_4BIT_SEND_NUMBER
                0x0000000000001268      0x166
 .text.H_LCD_4BIT_SEND_NUMBER
                0x0000000000001268      0x166 build/default/debug/HAL/LCD/LCD_Program.o
                0x0000000000001268                H_LCD_4BIT_SEND_NUMBER

.text.timer0_set_clk
                0x00000000000013ce      0x150
 .text.timer0_set_clk
                0x00000000000013ce      0x150 build/default/debug/MCAL/FAST_PWM/FAST_PWM_Program.o

.text.ADC_SELECT_CHANNEL
                0x000000000000151e      0x118
 .text.ADC_SELECT_CHANNEL
                0x000000000000151e      0x118 build/default/debug/MCAL/ADC/ADC_program.o
                0x000000000000151e                ADC_SELECT_CHANNEL

.text.seven_segment_ENABLE
                0x0000000000001636      0x10a
 .text.seven_segment_ENABLE
                0x0000000000001636      0x10a build/default/debug/HAL/SevenSegment/SEG_Program.o
                0x0000000000001636                seven_segment_ENABLE

.text.seven_segment_DISABLE
                0x0000000000001740      0x10a
 .text.seven_segment_DISABLE
                0x0000000000001740      0x10a build/default/debug/HAL/SevenSegment/SEG_Program.o
                0x0000000000001740                seven_segment_DISABLE

.text.__fmt_d   0x000000000000184a       0xe6
 .text.__fmt_d  0x000000000000184a       0xe6 c:/program files/microchip/xc8/v2.41/avr/bin/../lib/gcc/avr/5.4.0/../../../../avr/lib/avr5/memx-const\libc.a(__fmt_d.o)
                0x000000000000184a                __fmt_d
                0x000000000000184a                __fmt_d_needed

.text.H_LCD_4BIT_SET_CURSOR
                0x0000000000001930       0xe0
 .text.H_LCD_4BIT_SET_CURSOR
                0x0000000000001930       0xe0 build/default/debug/HAL/LCD/LCD_Program.o

.text.M_DIO_pin_write_logic
                0x0000000000001a10       0xe0
 .text.M_DIO_pin_write_logic
                0x0000000000001a10       0xe0 build/default/debug/MCAL/DIO/DIO.o
                0x0000000000001a10                M_DIO_pin_write_logic

.text.__pop_int
                0x0000000000001af0       0xda
 .text.__pop_int
                0x0000000000001af0       0xda c:/program files/microchip/xc8/v2.41/avr/bin/../lib/gcc/avr/5.4.0/../../../../avr/lib/avr5/memx-const\libc.a(__pop_int.o)
                0x0000000000001af0                __pop_int_needed
                0x0000000000001af0                __pop_int

.text           0x0000000000001bca       0xd4
 .text          0x0000000000001bca       0xd4 c:/program files/microchip/xc8/v2.41/avr/bin/../lib/gcc/avr/5.4.0/../../../../avr/lib/avr5/memx-const\libm.a(mulsf3x.o)
                0x0000000000001bca                __mulsf3x
                0x0000000000001bf0                __mulsf3_pse

.text.seven_segment_write_number
                0x0000000000001c9e       0xd0
 .text.seven_segment_write_number
                0x0000000000001c9e       0xd0 build/default/debug/HAL/SevenSegment/SEG_Program.o
                0x0000000000001c9e                seven_segment_write_number

.text           0x0000000000001d6e       0xce
 .text          0x0000000000001d6e       0xce c:/program files/microchip/xc8/v2.41/avr/bin/../lib/gcc/avr/5.4.0/../../../../avr/lib/avr5/memx-const\libm.a(addsf3x.o)
                0x0000000000001d6e                __addsf3x

.text.H_LCD_4BIT_SENT_CUSTOM_CHAR
                0x0000000000001e3c       0xcc
 .text.H_LCD_4BIT_SENT_CUSTOM_CHAR
                0x0000000000001e3c       0xcc build/default/debug/HAL/LCD/LCD_Program.o
                0x0000000000001e3c                H_LCD_4BIT_SENT_CUSTOM_CHAR

.text.__cvt_u   0x0000000000001f08       0xca
 .text.__cvt_u  0x0000000000001f08       0xca c:/program files/microchip/xc8/v2.41/avr/bin/../lib/gcc/avr/5.4.0/../../../../avr/lib/avr5/memx-const\libc.a(__fmt_u.o)
                0x0000000000001f08                __cvt_u

.text.M_DIO_pin_direction_intialize
                0x0000000000001fd2       0xc8
 .text.M_DIO_pin_direction_intialize
                0x0000000000001fd2       0xc8 build/default/debug/MCAL/DIO/DIO.o
                0x0000000000001fd2                M_DIO_pin_direction_intialize

.text.H_LCD_4BIT_SEND_STRING_POS
                0x000000000000209a       0xc2
 .text.H_LCD_4BIT_SEND_STRING_POS
                0x000000000000209a       0xc2 build/default/debug/HAL/LCD/LCD_Program.o
                0x000000000000209a                H_LCD_4BIT_SEND_STRING_POS

.text.keypad_init
                0x000000000000215c       0xb6
 .text.keypad_init
                0x000000000000215c       0xb6 build/default/debug/HAL/KeyPad/keypad_program.o
                0x000000000000215c                keypad_init

.text.H_LCD_4BIT_SEND_STRING
                0x0000000000002212       0xb4
 .text.H_LCD_4BIT_SEND_STRING
                0x0000000000002212       0xb4 build/default/debug/HAL/LCD/LCD_Program.o
                0x0000000000002212                H_LCD_4BIT_SEND_STRING

.text.__fmt_o   0x00000000000022c6       0xb4
 .text.__fmt_o  0x00000000000022c6       0xb4 c:/program files/microchip/xc8/v2.41/avr/bin/../lib/gcc/avr/5.4.0/../../../../avr/lib/avr5/memx-const\libc.a(__fmt_o.o)
                0x00000000000022c6                __fmt_o
                0x00000000000022c6                __fmt_o_needed

.text.__vsnprintf
                0x000000000000237a       0xa4
 .text.__vsnprintf
                0x000000000000237a       0xa4 c:/program files/microchip/xc8/v2.41/avr/bin/../lib/gcc/avr/5.4.0/../../../../avr/lib/avr5/memx-const\libc.a(__int_vsnprintf.o)
                0x000000000000237a                __vsnprintf

.text.H_LCD_4BIT_SENDING
                0x000000000000241e       0xa2
 .text.H_LCD_4BIT_SENDING
                0x000000000000241e       0xa2 build/default/debug/HAL/LCD/LCD_Program.o

.text.__fmt_state
                0x00000000000024c0       0x9e
 .text.__fmt_state
                0x00000000000024c0       0x9e c:/program files/microchip/xc8/v2.41/avr/bin/../lib/gcc/avr/5.4.0/../../../../avr/lib/avr5/memx-const\libc.a(__printf_core.o)
                0x00000000000024c0                __fmt_state

.text.__pad     0x000000000000255e       0x96
 .text.__pad    0x000000000000255e       0x96 c:/program files/microchip/xc8/v2.41/avr/bin/../lib/gcc/avr/5.4.0/../../../../avr/lib/avr5/memx-const\libc.a(__printf_core.o)
                0x000000000000255e                __pad

.text.__printf_core
                0x00000000000025f4       0x94
 .text.__printf_core
                0x00000000000025f4       0x94 c:/program files/microchip/xc8/v2.41/avr/bin/../lib/gcc/avr/5.4.0/../../../../avr/lib/avr5/memx-const\libc.a(__printf_core.o)
                0x00000000000025f4                __printf_core

.text.fputc     0x0000000000002688       0x92
 .text.fputc    0x0000000000002688       0x92 c:/program files/microchip/xc8/v2.41/avr/bin/../lib/gcc/avr/5.4.0/../../../../avr/lib/avr5/memx-const\libc.a(fputc.o)
                0x0000000000002688                fputc
                0x0000000000002688                putc

.text.__fmt_u   0x000000000000271a       0x90
 .text.__fmt_u  0x000000000000271a       0x90 c:/program files/microchip/xc8/v2.41/avr/bin/../lib/gcc/avr/5.4.0/../../../../avr/lib/avr5/memx-const\libc.a(__fmt_u.o)
                0x000000000000271a                __fmt_u_needed
                0x000000000000271a                __fmt_u

.text.H_LCD_4BIT_SEND_COMM
                0x00000000000027aa       0x88
 .text.H_LCD_4BIT_SEND_COMM
                0x00000000000027aa       0x88 build/default/debug/HAL/LCD/LCD_Program.o
                0x00000000000027aa                H_LCD_4BIT_SEND_COMM

.text.H_LCD_4BIT_SEND_DATA
                0x0000000000002832       0x88
 .text.H_LCD_4BIT_SEND_DATA
                0x0000000000002832       0x88 build/default/debug/HAL/LCD/LCD_Program.o
                0x0000000000002832                H_LCD_4BIT_SEND_DATA

.text.seven_segment_initialize
                0x00000000000028ba       0x88
 .text.seven_segment_initialize
                0x00000000000028ba       0x88 build/default/debug/HAL/SevenSegment/SEG_Program.o
                0x00000000000028ba                seven_segment_initialize

.text.M_DIO_pin_read_logic
                0x0000000000002942       0x88
 .text.M_DIO_pin_read_logic
                0x0000000000002942       0x88 build/default/debug/MCAL/DIO/DIO.o
                0x0000000000002942                M_DIO_pin_read_logic

.text.H_LCD_4BIT_SEND_FNUMBER_POS
                0x00000000000029ca       0x82
 .text.H_LCD_4BIT_SEND_FNUMBER_POS
                0x00000000000029ca       0x82 build/default/debug/HAL/LCD/LCD_Program.o
                0x00000000000029ca                H_LCD_4BIT_SEND_FNUMBER_POS

.text.M_DIO_pin_get_direction_status
                0x0000000000002a4c       0x80
 .text.M_DIO_pin_get_direction_status
                0x0000000000002a4c       0x80 build/default/debug/MCAL/DIO/DIO.o
                0x0000000000002a4c                M_DIO_pin_get_direction_status

.text.H_LCD_4BIT_ENABLE
                0x0000000000002acc       0x7c
 .text.H_LCD_4BIT_ENABLE
                0x0000000000002acc       0x7c build/default/debug/HAL/LCD/LCD_Program.o

.text.H_LCD_4BIT_SEND_NUMBER_POS
                0x0000000000002b48       0x7a
 .text.H_LCD_4BIT_SEND_NUMBER_POS
                0x0000000000002b48       0x7a build/default/debug/HAL/LCD/LCD_Program.o
                0x0000000000002b48                H_LCD_4BIT_SEND_NUMBER_POS

.text           0x0000000000002bc2       0x7a
 .text          0x0000000000002bc2       0x7a c:/program files/microchip/xc8/v2.41/avr/bin/../lib/gcc/avr/5.4.0/../../../../avr/lib/avr5/memx-const\libm.a(floatsisf.o)
                0x0000000000002bc2                __floatunsisf
                0x0000000000002bc6                __floatsisf

.text.__fmt_s   0x0000000000002c3c       0x7a
 .text.__fmt_s  0x0000000000002c3c       0x7a c:/program files/microchip/xc8/v2.41/avr/bin/../lib/gcc/avr/5.4.0/../../../../avr/lib/avr5/memx-const\libc.a(__fmt_s.o)
                0x0000000000002c3c                __fmt_s
                0x0000000000002c3c                __fmt_0_needed
                0x0000000000002c3c                __fmt_s_needed

.text.read_prec_or_width
                0x0000000000002cb6       0x78
 .text.read_prec_or_width
                0x0000000000002cb6       0x78 c:/program files/microchip/xc8/v2.41/avr/bin/../lib/gcc/avr/5.4.0/../../../../avr/lib/avr5/memx-const\libc.a(__printf_core.o)

.text.M_DIO_pin_toggle_logic
                0x0000000000002d2e       0x6e
 .text.M_DIO_pin_toggle_logic
                0x0000000000002d2e       0x6e build/default/debug/MCAL/DIO/DIO.o
                0x0000000000002d2e                M_DIO_pin_toggle_logic

.text.M_DIO_pin_intialize
                0x0000000000002d9c       0x6e
 .text.M_DIO_pin_intialize
                0x0000000000002d9c       0x6e build/default/debug/MCAL/DIO/DIO.o
                0x0000000000002d9c                M_DIO_pin_intialize

.text.EXTINT_voidDisable
                0x0000000000002e0a       0x6e
 .text.EXTINT_voidDisable
                0x0000000000002e0a       0x6e build/default/debug/MCAL/Interrupt/EXT_INT/EXT_INT_Program.o
                0x0000000000002e0a                EXTINT_voidDisable

.text.__out     0x0000000000002e78       0x68
 .text.__out    0x0000000000002e78       0x68 c:/program files/microchip/xc8/v2.41/avr/bin/../lib/gcc/avr/5.4.0/../../../../avr/lib/avr5/memx-const\libc.a(__printf_core.o)
                0x0000000000002e78                __out

.text.H_LCD_4BIT_SEND_DATA_POS
                0x0000000000002ee0       0x66
 .text.H_LCD_4BIT_SEND_DATA_POS
                0x0000000000002ee0       0x66 build/default/debug/HAL/LCD/LCD_Program.o
                0x0000000000002ee0                H_LCD_4BIT_SEND_DATA_POS

.text.convert_uint8_to_string
                0x0000000000002f46       0x66
 .text.convert_uint8_to_string
                0x0000000000002f46       0x66 build/default/debug/HAL/LCD/LCD_Program.o
                0x0000000000002f46                convert_uint8_to_string

.text.HAL_initializations
                0x0000000000002fac       0x64
 .text.HAL_initializations
                0x0000000000002fac       0x64 build/default/debug/MCAL/HAL_initializations.o
                0x0000000000002fac                HAL_initializations

.text.__vector_1
                0x0000000000003010       0x60
 .text.__vector_1
                0x0000000000003010       0x60 build/default/debug/MCAL/Interrupt/EXT_INT/EXT_INT_Program.o
                0x0000000000003010                __vector_1

.text.__vector_2
                0x0000000000003070       0x60
 .text.__vector_2
                0x0000000000003070       0x60 build/default/debug/MCAL/Interrupt/EXT_INT/EXT_INT_Program.o
                0x0000000000003070                __vector_2

.text.__vector_3
                0x00000000000030d0       0x60
 .text.__vector_3
                0x00000000000030d0       0x60 build/default/debug/MCAL/Interrupt/EXT_INT/EXT_INT_Program.o
                0x00000000000030d0                __vector_3

.text.__vector_11
                0x0000000000003130       0x60
 .text.__vector_11
                0x0000000000003130       0x60 build/default/debug/MCAL/TIMER0/TIMER0_Program.o
                0x0000000000003130                __vector_11

.text.__vector_10
                0x0000000000003190       0x60
 .text.__vector_10
                0x0000000000003190       0x60 build/default/debug/MCAL/TIMER0/TIMER0_Program.o
                0x0000000000003190                __vector_10

.text           0x00000000000031f0       0x5e
 .text          0x00000000000031f0       0x5e c:/program files/microchip/xc8/v2.41/avr/bin/../lib/gcc/avr/5.4.0/../../../../avr/lib/avr5/memx-const\libm.a(fixunssfsi.o)
                0x00000000000031f0                __fixunssfsi

.text           0x000000000000324e       0x48
 .text          0x000000000000324e       0x48 c:/program files/microchip/xc8/v2.41/avr/bin/../lib/gcc/avr/5.4.0/../../../../avr/lib/avr5/memx-const\libm.a(fp_cmp.o)
                0x000000000000324e                __fp_cmp

.text           0x0000000000003296       0x44
 .text          0x0000000000003296       0x44 c:/program files/microchip/xc8/v2.41/avr/bin/../lib/gcc/avr/5.4.0/../../../../avr/lib/avr5/memx-const\libm.a(fp_split3.o)
                0x0000000000003296                __fp_split3
                0x00000000000032a6                __fp_splitA

.text.libgcc.div
                0x00000000000032da       0x44
 .text.libgcc.div
                0x00000000000032da       0x44 c:/program files/microchip/xc8/v2.41/avr/bin/../lib/gcc/avr/5.4.0/avr5/memx-const\libgcc.a(_udivmodsi4.o)
                0x00000000000032da                __udivmodsi4

.text.ADC_Retrun_VALUE
                0x000000000000331e       0x42
 .text.ADC_Retrun_VALUE
                0x000000000000331e       0x42 build/default/debug/MCAL/ADC/ADC_program.o
                0x000000000000331e                ADC_Retrun_VALUE

.text.libgcc.prologue
                0x0000000000003360       0x38
 .text.libgcc.prologue
                0x0000000000003360       0x38 c:/program files/microchip/xc8/v2.41/avr/bin/../lib/gcc/avr/5.4.0/avr5/memx-const\libgcc.a(_prologue.o)
                0x0000000000003360                __prologue_saves__

.text.TIM0_INIT
                0x0000000000003398       0x36
 .text.TIM0_INIT
                0x0000000000003398       0x36 build/default/debug/MCAL/TIMER0/TIMER0_Program.o
                0x0000000000003398                TIM0_INIT

.text.libgcc.prologue
                0x00000000000033ce       0x36
 .text.libgcc.prologue
                0x00000000000033ce       0x36 c:/program files/microchip/xc8/v2.41/avr/bin/../lib/gcc/avr/5.4.0/avr5/memx-const\libgcc.a(_epilogue.o)
                0x00000000000033ce                __epilogue_restores__

.text.OCR_value
                0x0000000000003404       0x32
 .text.OCR_value
                0x0000000000003404       0x32 build/default/debug/MCAL/FAST_PWM/FAST_PWM_Program.o
                0x0000000000003404                OCR_value

.text.FASTPWM_INIT
                0x0000000000003436       0x30
 .text.FASTPWM_INIT
                0x0000000000003436       0x30 build/default/debug/MCAL/FAST_PWM/FAST_PWM_Program.o
                0x0000000000003436                FASTPWM_INIT

.text.__vfprintf
                0x0000000000003466       0x30
 .text.__vfprintf
                0x0000000000003466       0x30 c:/program files/microchip/xc8/v2.41/avr/bin/../lib/gcc/avr/5.4.0/../../../../avr/lib/avr5/memx-const\libc.a(__int_vfprintf.o)
                0x0000000000003466                __vfprintf

.text.libgcc.div
                0x0000000000003496       0x2e
 .text.libgcc.div
                0x0000000000003496       0x2e c:/program files/microchip/xc8/v2.41/avr/bin/../lib/gcc/avr/5.4.0/avr5/memx-const\libgcc.a(_divmodsi4.o)
                0x0000000000003496                __divmodsi4

.text.strlen    0x00000000000034c4       0x2c
 .text.strlen   0x00000000000034c4       0x2c c:/program files/microchip/xc8/v2.41/avr/bin/../lib/gcc/avr/5.4.0/../../../../avr/lib/avr5/memx-const\libc.a(strlen.o)
                0x00000000000034c4                strlen

.text.ADC_INIT  0x00000000000034f0       0x28
 .text.ADC_INIT
                0x00000000000034f0       0x28 build/default/debug/MCAL/ADC/ADC_program.o
                0x00000000000034f0                ADC_INIT

.text.TIM0_DISABLE
                0x0000000000003518       0x26
 .text.TIM0_DISABLE
                0x0000000000003518       0x26 build/default/debug/MCAL/TIMER0/TIMER0_Program.o
                0x0000000000003518                TIM0_DISABLE

.text.TIM0_ENABLE
                0x000000000000353e       0x26
 .text.TIM0_ENABLE
                0x000000000000353e       0x26 build/default/debug/MCAL/TIMER0/TIMER0_Program.o
                0x000000000000353e                TIM0_ENABLE

.text.TIM0_DIS  0x0000000000003564       0x26
 .text.TIM0_DIS
                0x0000000000003564       0x26 build/default/debug/MCAL/FAST_PWM/FAST_PWM_Program.o
                0x0000000000003564                TIM0_DIS

.text.TIM0_EN   0x000000000000358a       0x26
 .text.TIM0_EN  0x000000000000358a       0x26 build/default/debug/MCAL/FAST_PWM/FAST_PWM_Program.o
                0x000000000000358a                TIM0_EN

.text.__wrap_sprintf
                0x00000000000035b0       0x26
 .text.__wrap_sprintf
                0x00000000000035b0       0x26 c:/program files/microchip/xc8/v2.41/avr/bin/../lib/gcc/avr/5.4.0/../../../../avr/lib/avr5/memx-const\libc.a(__sio_sprintf_doux.o)
                0x00000000000035b0                _sprintf_cdopuxX

.text.MEXT_Void_SetCallBack
                0x00000000000035d6       0x24
 .text.MEXT_Void_SetCallBack
                0x00000000000035d6       0x24 build/default/debug/MCAL/Interrupt/EXT_INT/EXT_INT_Program.o
                0x00000000000035d6                MEXT_Void_SetCallBack

.text.delay_ms  0x00000000000035fa       0x24
 .text.delay_ms
                0x00000000000035fa       0x24 build/default/debug/MCAL/TIMER0/TIMER0_Program.o
                0x00000000000035fa                delay_ms

.text           0x000000000000361e       0x22
 .text          0x000000000000361e       0x22 c:/program files/microchip/xc8/v2.41/avr/bin/../lib/gcc/avr/5.4.0/../../../../avr/lib/avr5/memx-const\libm.a(fp_round.o)
                0x000000000000361e                __fp_round

.text.libgcc.mul
                0x0000000000003640       0x1e
 .text.libgcc.mul
                0x0000000000003640       0x1e c:/program files/microchip/xc8/v2.41/avr/bin/../lib/gcc/avr/5.4.0/avr5/memx-const\libgcc.a(_umulhisi3.o)
                0x0000000000003640                __umulhisi3

.text.TIMER0_void_OVF_SetCallBack
                0x000000000000365e       0x1c
 .text.TIMER0_void_OVF_SetCallBack
                0x000000000000365e       0x1c build/default/debug/MCAL/TIMER0/TIMER0_Program.o
                0x000000000000365e                TIMER0_void_OVF_SetCallBack

.text.TIMER0_void_CTC_SetCallBack
                0x000000000000367a       0x1c
 .text.TIMER0_void_CTC_SetCallBack
                0x000000000000367a       0x1c build/default/debug/MCAL/TIMER0/TIMER0_Program.o
                0x000000000000367a                TIMER0_void_CTC_SetCallBack

.text.MGIE_VoidDisable
                0x0000000000003696       0x1a
 .text.MGIE_VoidDisable
                0x0000000000003696       0x1a build/default/debug/MCAL/Interrupt/EXT_GIE/EXT_GIE_Program.o
                0x0000000000003696                MGIE_VoidDisable

.text.TIM0_RETURN_COUNTS
                0x00000000000036b0       0x1a
 .text.TIM0_RETURN_COUNTS
                0x00000000000036b0       0x1a build/default/debug/MCAL/TIMER0/TIMER0_Program.o
                0x00000000000036b0                TIM0_RETURN_COUNTS

.text.application_initializations
                0x00000000000036ca       0x18
 .text.application_initializations
                0x00000000000036ca       0x18 build/default/debug/Application.o
                0x00000000000036ca                application_initializations

.text.__vsprintf
                0x00000000000036e2       0x18
 .text.__vsprintf
                0x00000000000036e2       0x18 c:/program files/microchip/xc8/v2.41/avr/bin/../lib/gcc/avr/5.4.0/../../../../avr/lib/avr5/memx-const\libc.a(__int_vsprintf.o)
                0x00000000000036e2                __vsprintf

.text.ADC_START_CONVERSATION
                0x00000000000036fa       0x16
 .text.ADC_START_CONVERSATION
                0x00000000000036fa       0x16 build/default/debug/MCAL/ADC/ADC_program.o
                0x00000000000036fa                ADC_START_CONVERSATION

.text.MGIE_VoidEnable
                0x0000000000003710       0x16
 .text.MGIE_VoidEnable
                0x0000000000003710       0x16 build/default/debug/MCAL/Interrupt/EXT_GIE/EXT_GIE_Program.o
                0x0000000000003710                MGIE_VoidEnable

.text.TIM0_NORMALMODE_PRELOAD
                0x0000000000003726       0x16
 .text.TIM0_NORMALMODE_PRELOAD
                0x0000000000003726       0x16 build/default/debug/MCAL/TIMER0/TIMER0_Program.o
                0x0000000000003726                TIM0_NORMALMODE_PRELOAD

.text.TIM0_CTC_value
                0x000000000000373c       0x16
 .text.TIM0_CTC_value
                0x000000000000373c       0x16 build/default/debug/MCAL/TIMER0/TIMER0_Program.o
                0x000000000000373c                TIM0_CTC_value

.text.libgcc.mul
                0x0000000000003752       0x16
 .text.libgcc.mul
                0x0000000000003752       0x16 c:/program files/microchip/xc8/v2.41/avr/bin/../lib/gcc/avr/5.4.0/avr5/memx-const\libgcc.a(_muluhisi3.o)
                0x0000000000003752                __muluhisi3

.text.exit      0x0000000000003768       0x16
 .text.exit     0x0000000000003768       0x16 c:/program files/microchip/xc8/v2.41/avr/bin/../lib/gcc/avr/5.4.0/../../../../avr/lib/avr5/memx-const\libc.a(exit.o)
                0x0000000000003768                exit

.text.toupper   0x000000000000377e       0x12
 .text.toupper  0x000000000000377e       0x12 c:/program files/microchip/xc8/v2.41/avr/bin/../lib/gcc/avr/5.4.0/../../../../avr/lib/avr5/memx-const\libc.a(toupper.o)
                0x000000000000377e                toupper

.text.libgcc.div
                0x0000000000003790       0x10
 .text.libgcc.div
                0x0000000000003790       0x10 c:/program files/microchip/xc8/v2.41/avr/bin/../lib/gcc/avr/5.4.0/avr5/memx-const\libgcc.a(_negsi2.o)
                0x0000000000003790                __negsi2

.text.tolower   0x00000000000037a0       0x10
 .text.tolower  0x00000000000037a0       0x10 c:/program files/microchip/xc8/v2.41/avr/bin/../lib/gcc/avr/5.4.0/../../../../avr/lib/avr5/memx-const\libc.a(tolower.o)
                0x00000000000037a0                tolower

.text           0x00000000000037b0        0xe
 .text          0x00000000000037b0        0xe c:/program files/microchip/xc8/v2.41/avr/bin/../lib/gcc/avr/5.4.0/../../../../avr/lib/avr5/memx-const\libm.a(addsf3.o)
                0x00000000000037b0                __subsf3
                0x00000000000037b2                __addsf3

.text           0x00000000000037be        0xe
 .text          0x00000000000037be        0xe c:/program files/microchip/xc8/v2.41/avr/bin/../lib/gcc/avr/5.4.0/../../../../avr/lib/avr5/memx-const\libm.a(fixsfsi.o)
                0x00000000000037be                __fixsfsi

.text           0x00000000000037cc        0xe
 .text          0x00000000000037cc        0xe c:/program files/microchip/xc8/v2.41/avr/bin/../lib/gcc/avr/5.4.0/../../../../avr/lib/avr5/memx-const\libm.a(fp_pscA.o)
                0x00000000000037cc                __fp_pscA

.text           0x00000000000037da        0xe
 .text          0x00000000000037da        0xe c:/program files/microchip/xc8/v2.41/avr/bin/../lib/gcc/avr/5.4.0/../../../../avr/lib/avr5/memx-const\libm.a(fp_pscB.o)
                0x00000000000037da                __fp_pscB

.text           0x00000000000037e8        0xe
 .text          0x00000000000037e8        0xe c:/program files/microchip/xc8/v2.41/avr/bin/../lib/gcc/avr/5.4.0/../../../../avr/lib/avr5/memx-const\libm.a(fp_zero.o)
                0x00000000000037e8                __fp_zero
                0x00000000000037ea                __fp_szero

.text           0x00000000000037f6        0xc
 .text          0x00000000000037f6        0xc c:/program files/microchip/xc8/v2.41/avr/bin/../lib/gcc/avr/5.4.0/../../../../avr/lib/avr5/memx-const\libm.a(fp_inf.o)
                0x00000000000037f6                __fp_inf

.text.libgcc    0x0000000000003802        0xc
 .text.libgcc   0x0000000000003802        0xc c:/program files/microchip/xc8/v2.41/avr/bin/../lib/gcc/avr/5.4.0/avr5/memx-const\libgcc.a(_tablejump2.o)
                0x0000000000003802                __tablejump2__

.text           0x000000000000380e        0xa
 .text          0x000000000000380e        0xa c:/program files/microchip/xc8/v2.41/avr/bin/../lib/gcc/avr/5.4.0/../../../../avr/lib/avr5/memx-const\libm.a(cmpsf2.o)
                0x000000000000380e                __nesf2
                0x000000000000380e                __eqsf2
                0x000000000000380e                __cmpsf2
                0x000000000000380e                __ltsf2
                0x000000000000380e                __lesf2

.text           0x0000000000003818        0xa
 .text          0x0000000000003818        0xa c:/program files/microchip/xc8/v2.41/avr/bin/../lib/gcc/avr/5.4.0/../../../../avr/lib/avr5/memx-const\libm.a(gesf2.o)
                0x0000000000003818                __gesf2
                0x0000000000003818                __gtsf2

.text           0x0000000000003822        0x8
 .text          0x0000000000003822        0x8 c:/program files/microchip/xc8/v2.41/avr/bin/../lib/gcc/avr/5.4.0/../../../../avr/lib/avr5/memx-const\libm.a(mulsf3.o)
                0x0000000000003822                __mulsf3

.text           0x000000000000382a        0x6
 .text          0x000000000000382a        0x6 c:/program files/microchip/xc8/v2.41/avr/bin/../lib/gcc/avr/5.4.0/../../../../avr/lib/avr5/memx-const\libm.a(fp_nan.o)
                0x000000000000382a                __fp_nan

.text           0x0000000000003830        0x4
 .text          0x0000000000003830        0x4 C:/Users/chbib/.mchp_packs/Microchip/ATmega_DFP/3.0.158/xc8/avr/lib/avr5/memx-const/crtatmega32.o
                0x0000000000003830                __vector_12
                0x0000000000003830                __bad_interrupt
                0x0000000000003830                __vector_6
                0x0000000000003830                __vector_13
                0x0000000000003830                __vector_17
                0x0000000000003830                __vector_19
                0x0000000000003830                __vector_7
                0x0000000000003830                __vector_5
                0x0000000000003830                __vector_4
                0x0000000000003830                __vector_9
                0x0000000000003830                __vector_15
                0x0000000000003830                __vector_8
                0x0000000000003830                __vector_14
                0x0000000000003830                __vector_16
                0x0000000000003830                __vector_18
                0x0000000000003830                __vector_20

.text._Exit     0x0000000000003834        0x4
 .text._Exit    0x0000000000003834        0x4 c:/program files/microchip/xc8/v2.41/avr/bin/../lib/gcc/avr/5.4.0/../../../../avr/lib/avr5/memx-const\libc.a(_Exit.o)
                0x0000000000003834                _Exit

.text.__dummy_fini
                0x0000000000003838        0x2
 .text.__dummy_fini
                0x0000000000003838        0x2 c:/program files/microchip/xc8/v2.41/avr/bin/../lib/gcc/avr/5.4.0/../../../../avr/lib/avr5/memx-const\libc.a(exit.o)
                0x0000000000003838                _fini

.text.__dummy_funcs_on_exit
                0x000000000000383a        0x2
 .text.__dummy_funcs_on_exit
                0x000000000000383a        0x2 c:/program files/microchip/xc8/v2.41/avr/bin/../lib/gcc/avr/5.4.0/../../../../avr/lib/avr5/memx-const\libc.a(exit.o)
                0x000000000000383a                __funcs_on_exit

.text.__dummy_simulator_exit
                0x000000000000383c        0x2
 .text.__dummy_simulator_exit
                0x000000000000383c        0x2 c:/program files/microchip/xc8/v2.41/avr/bin/../lib/gcc/avr/5.4.0/../../../../avr/lib/avr5/memx-const\libc.a(exit.o)
                0x000000000000383c                __simulator_exit

.data.PIN_REG   0x0000000000800062        0x8 load address 0x000000000000383e
 .data.PIN_REG  0x0000000000800062        0x8 build/default/debug/MCAL/DIO/DIO.o
                0x0000000000800062                PIN_REG

.data.PORT_REG  0x000000000080006a        0x8 load address 0x0000000000003846
 .data.PORT_REG
                0x000000000080006a        0x8 build/default/debug/MCAL/DIO/DIO.o
                0x000000000080006a                PORT_REG

.data.DDR_REG   0x0000000000800072        0x8 load address 0x000000000000384e
 .data.DDR_REG  0x0000000000800072        0x8 build/default/debug/MCAL/DIO/DIO.o
                0x0000000000800072                DDR_REG

.data.KEYPADMATRIX
                0x000000000080007a        0x8 load address 0x0000000000003856
 .data.KEYPADMATRIX
                0x000000000080007a        0x8 build/default/debug/MCAL/HAL_initializations.o
                0x000000000080007a                KEYPADMATRIX

.data._4BIT_LCD
                0x000000000080008f        0x6 load address 0x000000000000385e
 .data._4BIT_LCD
                0x000000000080008f        0x6 build/default/debug/MCAL/HAL_initializations.o
                0x000000000080008f                _4BIT_LCD

.data.ADC_CH0   0x00000000008000ab        0x1 load address 0x0000000000003864
 .data.ADC_CH0  0x00000000008000ab        0x1 build/default/debug/MCAL/HAL_initializations.o
                0x00000000008000ab                ADC_CH0

.data.LED_PA6   0x00000000008000ac        0x1 load address 0x0000000000003865
 .data.LED_PA6  0x00000000008000ac        0x1 build/default/debug/MCAL/HAL_initializations.o
                0x00000000008000ac                LED_PA6

.data.LED_PA5   0x00000000008000ad        0x1 load address 0x0000000000003866
 .data.LED_PA5  0x00000000008000ad        0x1 build/default/debug/MCAL/HAL_initializations.o
                0x00000000008000ad                LED_PA5

.data.LED_PA4   0x00000000008000ae        0x1 load address 0x0000000000003867
 .data.LED_PA4  0x00000000008000ae        0x1 build/default/debug/MCAL/HAL_initializations.o
                0x00000000008000ae                LED_PA4

.data.LED_PB3   0x00000000008000af        0x1 load address 0x0000000000003868
 .data.LED_PB3  0x00000000008000af        0x1 build/default/debug/MCAL/HAL_initializations.o
                0x00000000008000af                LED_PB3
