Archive member included to satisfy reference by file (symbol)

c:/program files/microchip/xc8/v2.41/avr/bin/../lib/gcc/avr/5.4.0/../../../../avr/lib/avr5/memx-const\libm.a(addsf3.o)
                              build/default/production/HAL/LCD/LCD_Program.o (__subsf3)
c:/program files/microchip/xc8/v2.41/avr/bin/../lib/gcc/avr/5.4.0/../../../../avr/lib/avr5/memx-const\libm.a(addsf3x.o)
                              c:/program files/microchip/xc8/v2.41/avr/bin/../lib/gcc/avr/5.4.0/../../../../avr/lib/avr5/memx-const\libm.a(addsf3.o) (__addsf3x)
c:/program files/microchip/xc8/v2.41/avr/bin/../lib/gcc/avr/5.4.0/../../../../avr/lib/avr5/memx-const\libm.a(cmpsf2.o)
                              build/default/production/HAL/LCD/LCD_Program.o (__ltsf2)
c:/program files/microchip/xc8/v2.41/avr/bin/../lib/gcc/avr/5.4.0/../../../../avr/lib/avr5/memx-const\libm.a(divsf3.o)
                              build/default/production/Application.o (__divsf3)
c:/program files/microchip/xc8/v2.41/avr/bin/../lib/gcc/avr/5.4.0/../../../../avr/lib/avr5/memx-const\libm.a(divsf3x.o)
                              c:/program files/microchip/xc8/v2.41/avr/bin/../lib/gcc/avr/5.4.0/../../../../avr/lib/avr5/memx-const\libm.a(divsf3.o) (__divsf3x)
c:/program files/microchip/xc8/v2.41/avr/bin/../lib/gcc/avr/5.4.0/../../../../avr/lib/avr5/memx-const\libm.a(fixsfsi.o)
                              build/default/production/HAL/LCD/LCD_Program.o (__fixsfsi)
c:/program files/microchip/xc8/v2.41/avr/bin/../lib/gcc/avr/5.4.0/../../../../avr/lib/avr5/memx-const\libm.a(fixunssfsi.o)
                              c:/program files/microchip/xc8/v2.41/avr/bin/../lib/gcc/avr/5.4.0/../../../../avr/lib/avr5/memx-const\libm.a(fixsfsi.o) (__fixunssfsi)
c:/program files/microchip/xc8/v2.41/avr/bin/../lib/gcc/avr/5.4.0/../../../../avr/lib/avr5/memx-const\libm.a(floatsisf.o)
                              build/default/production/Application.o (__floatunsisf)
c:/program files/microchip/xc8/v2.41/avr/bin/../lib/gcc/avr/5.4.0/../../../../avr/lib/avr5/memx-const\libm.a(fp_cmp.o)
                              c:/program files/microchip/xc8/v2.41/avr/bin/../lib/gcc/avr/5.4.0/../../../../avr/lib/avr5/memx-const\libm.a(cmpsf2.o) (__fp_cmp)
c:/program files/microchip/xc8/v2.41/avr/bin/../lib/gcc/avr/5.4.0/../../../../avr/lib/avr5/memx-const\libm.a(fp_inf.o)
                              c:/program files/microchip/xc8/v2.41/avr/bin/../lib/gcc/avr/5.4.0/../../../../avr/lib/avr5/memx-const\libm.a(addsf3x.o) (__fp_inf)
c:/program files/microchip/xc8/v2.41/avr/bin/../lib/gcc/avr/5.4.0/../../../../avr/lib/avr5/memx-const\libm.a(fp_nan.o)
                              c:/program files/microchip/xc8/v2.41/avr/bin/../lib/gcc/avr/5.4.0/../../../../avr/lib/avr5/memx-const\libm.a(addsf3x.o) (__fp_nan)
c:/program files/microchip/xc8/v2.41/avr/bin/../lib/gcc/avr/5.4.0/../../../../avr/lib/avr5/memx-const\libm.a(fp_pscA.o)
                              c:/program files/microchip/xc8/v2.41/avr/bin/../lib/gcc/avr/5.4.0/../../../../avr/lib/avr5/memx-const\libm.a(addsf3x.o) (__fp_pscA)
c:/program files/microchip/xc8/v2.41/avr/bin/../lib/gcc/avr/5.4.0/../../../../avr/lib/avr5/memx-const\libm.a(fp_pscB.o)
                              c:/program files/microchip/xc8/v2.41/avr/bin/../lib/gcc/avr/5.4.0/../../../../avr/lib/avr5/memx-const\libm.a(addsf3x.o) (__fp_pscB)
c:/program files/microchip/xc8/v2.41/avr/bin/../lib/gcc/avr/5.4.0/../../../../avr/lib/avr5/memx-const\libm.a(fp_round.o)
                              c:/program files/microchip/xc8/v2.41/avr/bin/../lib/gcc/avr/5.4.0/../../../../avr/lib/avr5/memx-const\libm.a(addsf3.o) (__fp_round)
c:/program files/microchip/xc8/v2.41/avr/bin/../lib/gcc/avr/5.4.0/../../../../avr/lib/avr5/memx-const\libm.a(fp_split3.o)
                              c:/program files/microchip/xc8/v2.41/avr/bin/../lib/gcc/avr/5.4.0/../../../../avr/lib/avr5/memx-const\libm.a(addsf3x.o) (__fp_split3)
c:/program files/microchip/xc8/v2.41/avr/bin/../lib/gcc/avr/5.4.0/../../../../avr/lib/avr5/memx-const\libm.a(fp_zero.o)
                              c:/program files/microchip/xc8/v2.41/avr/bin/../lib/gcc/avr/5.4.0/../../../../avr/lib/avr5/memx-const\libm.a(addsf3x.o) (__fp_zero)
c:/program files/microchip/xc8/v2.41/avr/bin/../lib/gcc/avr/5.4.0/../../../../avr/lib/avr5/memx-const\libm.a(gesf2.o)
                              build/default/production/HAL/LCD/LCD_Program.o (__gtsf2)
c:/program files/microchip/xc8/v2.41/avr/bin/../lib/gcc/avr/5.4.0/../../../../avr/lib/avr5/memx-const\libm.a(mulsf3.o)
                              build/default/production/HAL/LCD/LCD_Program.o (__mulsf3)
c:/program files/microchip/xc8/v2.41/avr/bin/../lib/gcc/avr/5.4.0/../../../../avr/lib/avr5/memx-const\libm.a(mulsf3x.o)
                              c:/program files/microchip/xc8/v2.41/avr/bin/../lib/gcc/avr/5.4.0/../../../../avr/lib/avr5/memx-const\libm.a(mulsf3.o) (__mulsf3x)
[...]
Memory Configuration

Name             Origin             Length             Attributes
text             0x0000000000000000 0x0000000000008000 xr
data             0x0000000000800060 0x0000000000000800 rw !x
eeprom           0x0000000000810000 0x0000000000000400 rw !x
fuse             0x0000000000820000 0x0000000000000002 rw !x
lock             0x0000000000830000 0x0000000000000400 rw !x
signature        0x0000000000840000 0x0000000000000400 rw !x
user_signatures  0x0000000000850000 0x0000000000000400 rw !x
bootrow          0x0000000000860000 0x0000000000000400 rw !x
*default*        0x0000000000000000 0xffffffffffffffff

Linker script and memory map

LOAD C:/Users/chbib/.mchp_packs/Microchip/ATmega_DFP/3.0.158/xc8/avr/lib/avr5/memx-const/crtatmega32.o
                0x0000000000000001                __MPLAB_BUILD = 0x1
LOAD build/default/production/HAL/KeyPad/keypad_program.o
LOAD build/default/production/HAL/LCD/LCD_Program.o
LOAD build/default/production/MCAL/DIO/DIO.o
LOAD build/default/production/MCAL/HAL_initializations.o
LOAD build/default/production/Application.o
START GROUP
LOAD c:/program files/microchip/xc8/v2.41/avr/bin/../lib/gcc/avr/5.4.0/../../../../avr/lib/avr5/memx-const\libm.a
END GROUP
START GROUP
LOAD c:/program files/microchip/xc8/v2.41/avr/bin/../lib/gcc/avr/5.4.0/avr5/memx-const\libgcc.a
LOAD c:/program files/microchip/xc8/v2.41/avr/bin/../lib/gcc/avr/5.4.0/../../../../avr/lib/avr5/memx-const\libm.a
LOAD c:/program files/microchip/xc8/v2.41/avr/bin/../lib/gcc/avr/5.4.0/../../../../avr/lib/avr5/memx-const\libc.a
LOAD C:/Users/chbib/.mchp_packs/Microchip/ATmega_DFP/3.0.158/xc8/avr/lib/avr5/memx-const\libatmega32.a
END GROUP
                0x0000000000000000                __TEXT_REGION_ORIGIN__ = DEFINED (__TEXT_REGION_ORIGIN__)?__TEXT_REGION_ORIGIN__:0x0
                [0x0000000000800060]                __DATA_REGION_ORIGIN__ = DEFINED (__DATA_REGION_ORIGIN__)?__DATA_REGION_ORIGIN__:0x800060
                [0x0000000000008000]                __TEXT_REGION_LENGTH__ = DEFINED (__TEXT_REGION_LENGTH__)?__TEXT_REGION_LENGTH__:0x20000
                [0x0000000000000800]                __DATA_REGION_LENGTH__ = DEFINED (__DATA_REGION_LENGTH__)?__DATA_REGION_LENGTH__:0xffa0
                [0x0000000000000400]                __EEPROM_REGION_LENGTH__ = DEFINED (__EEPROM_REGION_LENGTH__)?__EEPROM_REGION_LENGTH__:0x10000
                [0x0000000000000002]                __FUSE_REGION_LENGTH__ = DEFINED (__FUSE_REGION_LENGTH__)?__FUSE_REGION_LENGTH__:0x400
                0x0000000000000400                __LOCK_REGION_LENGTH__ = DEFINED (__LOCK_REGION_LENGTH__)?__LOCK_REGION_LENGTH__:0x400
                0x0000000000000400                __SIGNATURE_REGION_LENGTH__ = DEFINED (__SIGNATURE_REGION_LENGTH__)?__SIGNATURE_REGION_LENGTH__:0x400
                0x0000000000000400                __USER_SIGNATURE_REGION_LENGTH__ = DEFINED (__USER_SIGNATURE_REGION_LENGTH__)?__USER_SIGNATURE_REGION_LENGTH__:0x400
                0x0000000000000400                __BOOTROW_REGION_LENGTH__ = DEFINED (__BOOTROW_REGION_LENGTH__)?__BOOTROW_REGION_LENGTH__:0x400

.hash
 *(.hash)

.dynsym
 *(.dynsym)

.dynstr
 *(.dynstr)

.gnu.version
 *(.gnu.version)

.gnu.version_d
 *(.gnu.version_d)

.gnu.version_r
 *(.gnu.version_r)

.rel.init
 *(.rel.init)

.rela.init
 *(.rela.init)

.rel.text
 *(.rel.text)
 *(.rel.text.*)
 *(.rel.gnu.linkonce.t*)

.rela.text
 *(.rela.text)
 *(.rela.text.*)
 *(.rela.gnu.linkonce.t*)

.rel.fini
 *(.rel.fini)

.rela.fini
 *(.rela.fini)

.rel.rodata
 *(.rel.rodata)
 *(.rel.rodata.*)
 *(.rel.gnu.linkonce.r*)

.rela.rodata
 *(.rela.rodata)
 *(.rela.rodata.*)
 *(.rela.gnu.linkonce.r*)

.rel.data
 *(.rel.data)
 *(.rel.data.*)
 *(.rel.gnu.linkonce.d*)

.rela.data
 *(.rela.data)
 *(.rela.data.*)
 *(.rela.gnu.linkonce.d*)

.rel.ctors
 *(.rel.ctors)

.rela.ctors
 *(.rela.ctors)

.rel.dtors
 *(.rel.dtors)

.rela.dtors
 *(.rela.dtors)

.rel.got
 *(.rel.got)

.rela.got
 *(.rela.got)

.rel.bss
 *(.rel.bss)

.rela.bss
 *(.rela.bss)

.rel.plt
 *(.rel.plt)

.rela.plt
 *(.rela.plt)

.text           0x0000000000000000       0xc6
 *(.vectors)
 .vectors       0x0000000000000000       0x54 C:/Users/chbib/.mchp_packs/Microchip/ATmega_DFP/3.0.158/xc8/avr/lib/avr5/memx-const/crtatmega32.o
                0x0000000000000000                __vector_default
                0x0000000000000000                __vectors
 *(.vectors)
 *(.progmem.gcc*)
 *(.dinit)
 .dinit         0x0000000000000054       0x1d data_init
                0x0000000000000072                . = ALIGN (0x2)
 *fill*         0x0000000000000071        0x1 
                0x0000000000000072                __trampolines_start = .
 *(.trampolines)
 .trampolines   0x0000000000000072        0x0 linker stubs
 *(.trampolines*)
                0x0000000000000072                __trampolines_end = .
 *libprintf_flt.a:*(.progmem.data)
 *libc.a:*(.progmem.data)
                0x0000000000000072                . = ALIGN (0x2)
 *(.jumptables)
 *(.jumptables*)
 *(.lowtext)
 *(.lowtext*)
                0x0000000000000072                __ctors_start = .
 *(.ctors)
                0x0000000000000072                __ctors_end = .
                0x0000000000000072                __dtors_start = .
 *(.dtors)
                0x0000000000000072                __dtors_end = .
 SORT(*)(.ctors)
 SORT(*)(.dtors)
 *(.init0)
 .init0         0x0000000000000072        0x0 C:/Users/chbib/.mchp_packs/Microchip/ATmega_DFP/3.0.158/xc8/avr/lib/avr5/memx-const/crtatmega32.o
                0x0000000000000072                __init
 *(.init0)
 *(.init1)
 *(.init1)
 *(.init2)
 .init2         0x0000000000000072        0xc C:/Users/chbib/.mchp_packs/Microchip/ATmega_DFP/3.0.158/xc8/avr/lib/avr5/memx-const/crtatmega32.o
 *(.init2)
 *(.init3)
 *(.init3)
 *(.init4)
 .init4         0x000000000000007e       0x3c c:/program files/microchip/xc8/v2.41/avr/bin/../lib/gcc/avr/5.4.0/avr5/memx-const\libgcc.a(_copy_data.o)
                0x000000000000007e                __do_copy_data
                0x00000000000000ac                __do_clear_bss
 *(.init4)
 *(.init5)
 *(.init5)
 *(.init6)
 *(.init6)
 *(.init7)
 *(.init7)
 *(.init8)
 *(.init8)
 *(.init9)
 .init9         0x00000000000000ba        0x8 C:/Users/chbib/.mchp_packs/Microchip/ATmega_DFP/3.0.158/xc8/avr/lib/avr5/memx-const/crtatmega32.o
 *(.init9)
                0x00000000000000c2                . = ALIGN (0x2)
 *(.fini9)
 .fini9         0x00000000000000c2        0x0 c:/program files/microchip/xc8/v2.41/avr/bin/../lib/gcc/avr/5.4.0/avr5/memx-const\libgcc.a(_exit.o)
                0x00000000000000c2                _exit
 *(.fini9)
 *(.fini8)
 *(.fini8)
 *(.fini7)
 *(.fini7)
 *(.fini6)
 *(.fini6)
 *(.fini5)
 *(.fini5)
 *(.fini4)
 *(.fini4)
 *(.fini3)
 *(.fini3)
 *(.fini2)
 *(.fini2)
 *(.fini1)
 *(.fini1)
 *(.fini0)
 .fini0         0x00000000000000c2        0x4 c:/program files/microchip/xc8/v2.41/avr/bin/../lib/gcc/avr/5.4.0/avr5/memx-const\libgcc.a(_exit.o)
 *(.fini0)
                0x00000000000000c6                _etext = .

.data           0x0000000000800060        0x0 load address 0x00000000000000c6
                [!provide]                        PROVIDE (__data_start, .)
 *(.gnu.linkonce.d*)
 *(.gnu.linkonce.r*)
                0x0000000000800060                . = ALIGN (0x2)
 *fill*         0x0000000000800060        0x0 
                0x0000000000800060                _edata = .
                [!provide]                        PROVIDE (__data_end, .)

.bss            0x0000000000800060        0x2
                [!provide]                        PROVIDE (__bss_start, .)
 *(COMMON)
 COMMON         0x0000000000800060        0x2 c:/program files/microchip/xc8/v2.41/avr/bin/../lib/gcc/avr/5.4.0/../../../../avr/lib/avr5/memx-const\libc.a(errno.o)
                0x0000000000800060                __errno_val
                [!provide]                        PROVIDE (__bss_end, .)
                0x00000000000000c6                __data_load_start = LOADADDR (.data)
                0x00000000000000c6                __data_load_end = (__data_load_start + SIZEOF (.data))

.noinit         0x0000000000800062        0x0
                [!provide]                        PROVIDE (__noinit_start, .)
 *(.noinit*)
                [!provide]                        PROVIDE (__noinit_end, .)
                0x0000000000800062                _end = .

.eeprom         0x0000000000810000        0x0
 *(.eeprom*)
                0x0000000000810000                __eeprom_end = .

.fuse
 *(.fuse)
 *(.lfuse)
 *(.hfuse)
 *(.efuse)

.lock
 *(.lock*)

.signature
 *(.signature*)

.user_signatures
 *(.user_signatures*)

.bootrow
 *(.bootrow*)

.stab
 *(.stab)

.stabstr
 *(.stabstr)

.stab.excl
 *(.stab.excl)

.stab.exclstr
 *(.stab.exclstr)

.stab.index
 *(.stab.index)

.stab.indexstr
 *(.stab.indexstr)

.comment        0x0000000000000000       0x5b
 *(.comment)
 .comment       0x0000000000000000       0x2f build/default/production/HAL/KeyPad/keypad_program.o
                                         0x30 (size before relaxing)
 .comment       0x000000000000002f       0x30 build/default/production/HAL/LCD/LCD_Program.o
 .comment       0x000000000000002f       0x30 build/default/production/MCAL/DIO/DIO.o
 .comment       0x000000000000002f       0x30 build/default/production/MCAL/HAL_initializations.o
 .comment       0x000000000000002f       0x30 build/default/production/Application.o
 .comment       0x000000000000002f       0x2c c:/program files/microchip/xc8/v2.41/avr/bin/../lib/gcc/avr/5.4.0/../../../../avr/lib/avr5/memx-const\libc.a(exit.o)
                                         0x2d (size before relaxing)
 .comment       0x000000000000005b       0x2d c:/program files/microchip/xc8/v2.41/avr/bin/../lib/gcc/avr/5.4.0/../../../../avr/lib/avr5/memx-const\libc.a(__sio_sprintf_doux.o)
 .comment       0x000000000000005b       0x2d c:/program files/microchip/xc8/v2.41/avr/bin/../lib/gcc/avr/5.4.0/../../../../avr/lib/avr5/memx-const\libc.a(__fmt_d.o)
 .comment       0x000000000000005b       0x2d c:/program files/microchip/xc8/v2.41/avr/bin/../lib/gcc/avr/5.4.0/../../../../avr/lib/avr5/memx-const\libc.a(__fmt_o.o)
 .comment       0x000000000000005b       0x2d c:/program files/microchip/xc8/v2.41/avr/bin/../lib/gcc/avr/5.4.0/../../../../avr/lib/avr5/memx-const\libc.a(__fmt_s.o)
 .comment       0x000000000000005b       0x2d c:/program files/microchip/xc8/v2.41/avr/bin/../lib/gcc/avr/5.4.0/../../../../avr/lib/avr5/memx-const\libc.a(__fmt_u.o)
 .comment       0x000000000000005b       0x2d c:/program files/microchip/xc8/v2.41/avr/bin/../lib/gcc/avr/5.4.0/../../../../avr/lib/avr5/memx-const\libc.a(__fmt_x.o)
 .comment       0x000000000000005b       0x2d c:/program files/microchip/xc8/v2.41/avr/bin/../lib/gcc/avr/5.4.0/../../../../avr/lib/avr5/memx-const\libc.a(__pop_int.o)
 .comment       0x000000000000005b       0x2d c:/program files/microchip/xc8/v2.41/avr/bin/../lib/gcc/avr/5.4.0/../../../../avr/lib/avr5/memx-const\libc.a(__printf_core.o)
 .comment       0x000000000000005b       0x2d c:/program files/microchip/xc8/v2.41/avr/bin/../lib/gcc/avr/5.4.0/../../../../avr/lib/avr5/memx-const\libc.a(fputc.o)
 .comment       0x000000000000005b       0x2d c:/program files/microchip/xc8/v2.41/avr/bin/../lib/gcc/avr/5.4.0/../../../../avr/lib/avr5/memx-const\libc.a(strlen.o)
 .comment       0x000000000000005b       0x2d c:/program files/microchip/xc8/v2.41/avr/bin/../lib/gcc/avr/5.4.0/../../../../avr/lib/avr5/memx-const\libc.a(tolower.o)
 .comment       0x000000000000005b       0x2d c:/program files/microchip/xc8/v2.41/avr/bin/../lib/gcc/avr/5.4.0/../../../../avr/lib/avr5/memx-const\libc.a(toupper.o)
 .comment       0x000000000000005b       0x2d c:/program files/microchip/xc8/v2.41/avr/bin/../lib/gcc/avr/5.4.0/../../../../avr/lib/avr5/memx-const\libc.a(errno.o)
 .comment       0x000000000000005b       0x2d c:/program files/microchip/xc8/v2.41/avr/bin/../lib/gcc/avr/5.4.0/../../../../avr/lib/avr5/memx-const\libc.a(_Exit.o)
 .comment       0x000000000000005b       0x2d c:/program files/microchip/xc8/v2.41/avr/bin/../lib/gcc/avr/5.4.0/../../../../avr/lib/avr5/memx-const\libc.a(__int_vsprintf.o)
 .comment       0x000000000000005b       0x2d c:/program files/microchip/xc8/v2.41/avr/bin/../lib/gcc/avr/5.4.0/../../../../avr/lib/avr5/memx-const\libc.a(__int_vsnprintf.o)
 .comment       0x000000000000005b       0x2d c:/program files/microchip/xc8/v2.41/avr/bin/../lib/gcc/avr/5.4.0/../../../../avr/lib/avr5/memx-const\libc.a(__int_vfprintf.o)

.codecov_info.hdr
                0x0000000000000000       0x10
 .codecov_info.hdr
                0x0000000000000000       0x10 build/default/production/HAL/KeyPad/keypad_program.o

.codecov_info   0x0000000000000000     0x115c
 .codecov_info  0x0000000000000000      0x16c build/default/production/HAL/KeyPad/keypad_program.o
 .codecov_info  0x000000000000016c      0x6a4 build/default/production/HAL/LCD/LCD_Program.o
 .codecov_info  0x0000000000000810      0x214 build/default/production/MCAL/DIO/DIO.o
 .codecov_info  0x0000000000000a24       0x24 build/default/production/MCAL/HAL_initializations.o
 .codecov_info  0x0000000000000a48      0x714 build/default/production/Application.o

.stack.descriptors.hdr
                0x0000000000000000      0x268
 .stack.descriptors.hdr
                0x0000000000000000        0xe c:/program files/microchip/xc8/v2.41/avr/bin/../lib/gcc/avr/5.4.0/../../../../avr/lib/avr5/memx-const\libm.a(addsf3.o)
 .stack.descriptors.hdr
                0x000000000000000e        0xe c:/program files/microchip/xc8/v2.41/avr/bin/../lib/gcc/avr/5.4.0/../../../../avr/lib/avr5/memx-const\libm.a(addsf3x.o)
 .stack.descriptors.hdr
                0x000000000000001c        0xe c:/program files/microchip/xc8/v2.41/avr/bin/../lib/gcc/avr/5.4.0/../../../../avr/lib/avr5/memx-const\libm.a(cmpsf2.o)
 .stack.descriptors.hdr
                0x000000000000002a        0xe c:/program files/microchip/xc8/v2.41/avr/bin/../lib/gcc/avr/5.4.0/../../../../avr/lib/avr5/memx-const\libm.a(divsf3.o)
 .stack.descriptors.hdr
                0x0000000000000038        0xe c:/program files/microchip/xc8/v2.41/avr/bin/../lib/gcc/avr/5.4.0/../../../../avr/lib/avr5/memx-const\libm.a(divsf3x.o)
 .stack.descriptors.hdr
                0x0000000000000046        0xe c:/program files/microchip/xc8/v2.41/avr/bin/../lib/gcc/avr/5.4.0/../../../../avr/lib/avr5/memx-const\libm.a(fixsfsi.o)
 .stack.descriptors.hdr
                0x0000000000000054        0xe c:/program files/microchip/xc8/v2.41/avr/bin/../lib/gcc/avr/5.4.0/../../../../avr/lib/avr5/memx-const\libm.a(fixunssfsi.o)
 .stack.descriptors.hdr
                0x0000000000000062        0xe c:/program files/microchip/xc8/v2.41/avr/bin/../lib/gcc/avr/5.4.0/../../../../avr/lib/avr5/memx-const\libm.a(floatsisf.o)
 .stack.descriptors.hdr
                0x0000000000000070        0xe c:/program files/microchip/xc8/v2.41/avr/bin/../lib/gcc/avr/5.4.0/../../../../avr/lib/avr5/memx-const\libm.a(fp_cmp.o)
 .stack.descriptors.hdr
                0x000000000000007e        0xe c:/program files/microchip/xc8/v2.41/avr/bin/../lib/gcc/avr/5.4.0/../../../../avr/lib/avr5/memx-const\libm.a(fp_inf.o)
 .stack.descriptors.hdr
                0x000000000000008c        0xe c:/program files/microchip/xc8/v2.41/avr/bin/../lib/gcc/avr/5.4.0/../../../../avr/lib/avr5/memx-const\libm.a(fp_nan.o)
 .stack.descriptors.hdr
                0x000000000000009a        0xe c:/program files/microchip/xc8/v2.41/avr/bin/../lib/gcc/avr/5.4.0/../../../../avr/lib/avr5/memx-const\libm.a(fp_pscA.o)
 .stack.descriptors.hdr
                0x00000000000000a8        0xe c:/program files/microchip/xc8/v2.41/avr/bin/../lib/gcc/avr/5.4.0/../../../../avr/lib/avr5/memx-const\libm.a(fp_pscB.o)
 .stack.descriptors.hdr
                0x00000000000000b6        0xe c:/program files/microchip/xc8/v2.41/avr/bin/../lib/gcc/avr/5.4.0/../../../../avr/lib/avr5/memx-const\libm.a(fp_round.o)
 .stack.descriptors.hdr
                0x00000000000000c4        0xe c:/program files/microchip/xc8/v2.41/avr/bin/../lib/gcc/avr/5.4.0/../../../../avr/lib/avr5/memx-const\libm.a(fp_split3.o)
 .stack.descriptors.hdr
                0x00000000000000d2        0xe c:/program files/microchip/xc8/v2.41/avr/bin/../lib/gcc/avr/5.4.0/../../../../avr/lib/avr5/memx-const\libm.a(fp_zero.o)
 .stack.descriptors.hdr
                0x00000000000000e0        0xe c:/program files/microchip/xc8/v2.41/avr/bin/../lib/gcc/avr/5.4.0/../../../../avr/lib/avr5/memx-const\libm.a(gesf2.o)
 .stack.descriptors.hdr
                0x00000000000000ee        0xe c:/program files/microchip/xc8/v2.41/avr/bin/../lib/gcc/avr/5.4.0/../../../../avr/lib/avr5/memx-const\libm.a(mulsf3.o)
 .stack.descriptors.hdr
                0x00000000000000fc        0xe c:/program files/microchip/xc8/v2.41/avr/bin/../lib/gcc/avr/5.4.0/../../../../avr/lib/avr5/memx-const\libm.a(mulsf3x.o)
 .stack.descriptors.hdr
                0x000000000000010a        0xe c:/program files/microchip/xc8/v2.41/avr/bin/../lib/gcc/avr/5.4.0/avr5/memx-const\libgcc.a(_mulsi3.o)
 .stack.descriptors.hdr
                0x0000000000000118        0xe c:/program files/microchip/xc8/v2.41/avr/bin/../lib/gcc/avr/5.4.0/avr5/memx-const\libgcc.a(_divmodsi4.o)
 .stack.descriptors.hdr
                0x0000000000000126        0xe c:/program files/microchip/xc8/v2.41/avr/bin/../lib/gcc/avr/5.4.0/avr5/memx-const\libgcc.a(_negsi2.o)
 .stack.descriptors.hdr
                0x0000000000000134        0xe c:/program files/microchip/xc8/v2.41/avr/bin/../lib/gcc/avr/5.4.0/avr5/memx-const\libgcc.a(_muluhisi3.o)
 .stack.descriptors.hdr
                0x0000000000000142        0xe c:/program files/microchip/xc8/v2.41/avr/bin/../lib/gcc/avr/5.4.0/avr5/memx-const\libgcc.a(_udivmodsi4.o)
 .stack.descriptors.hdr
                0x0000000000000150        0xe c:/program files/microchip/xc8/v2.41/avr/bin/../lib/gcc/avr/5.4.0/avr5/memx-const\libgcc.a(_umulhisi3.o)
 .stack.descriptors.hdr
                0x000000000000015e        0xe c:/program files/microchip/xc8/v2.41/avr/bin/../lib/gcc/avr/5.4.0/../../../../avr/lib/avr5/memx-const\libc.a(exit.o)
 .stack.descriptors.hdr
                0x000000000000016c        0xe c:/program files/microchip/xc8/v2.41/avr/bin/../lib/gcc/avr/5.4.0/../../../../avr/lib/avr5/memx-const\libc.a(__sio_sprintf_doux.o)
 .stack.descriptors.hdr
                0x000000000000017a        0xe c:/program files/microchip/xc8/v2.41/avr/bin/../lib/gcc/avr/5.4.0/../../../../avr/lib/avr5/memx-const\libc.a(__fmt_d.o)
 .stack.descriptors.hdr
                0x0000000000000188        0xe c:/program files/microchip/xc8/v2.41/avr/bin/../lib/gcc/avr/5.4.0/../../../../avr/lib/avr5/memx-const\libc.a(__fmt_o.o)
 .stack.descriptors.hdr
                0x0000000000000196        0xe c:/program files/microchip/xc8/v2.41/avr/bin/../lib/gcc/avr/5.4.0/../../../../avr/lib/avr5/memx-const\libc.a(__fmt_s.o)
 .stack.descriptors.hdr
                0x00000000000001a4        0xe c:/program files/microchip/xc8/v2.41/avr/bin/../lib/gcc/avr/5.4.0/../../../../avr/lib/avr5/memx-const\libc.a(__fmt_u.o)
 .stack.descriptors.hdr
                0x00000000000001b2        0xe c:/program files/microchip/xc8/v2.41/avr/bin/../lib/gcc/avr/5.4.0/../../../../avr/lib/avr5/memx-const\libc.a(__fmt_x.o)
 .stack.descriptors.hdr
                0x00000000000001c0        0xe c:/program files/microchip/xc8/v2.41/avr/bin/../lib/gcc/avr/5.4.0/../../../../avr/lib/avr5/memx-const\libc.a(__pop_int.o)
 .stack.descriptors.hdr
                0x00000000000001ce        0xe c:/program files/microchip/xc8/v2.41/avr/bin/../lib/gcc/avr/5.4.0/../../../../avr/lib/avr5/memx-const\libc.a(__printf_core.o)
 .stack.descriptors.hdr
                0x00000000000001dc        0xe c:/program files/microchip/xc8/v2.41/avr/bin/../lib/gcc/avr/5.4.0/../../../../avr/lib/avr5/memx-const\libc.a(fputc.o)
 .stack.descriptors.hdr
                0x00000000000001ea        0xe c:/program files/microchip/xc8/v2.41/avr/bin/../lib/gcc/avr/5.4.0/../../../../avr/lib/avr5/memx-const\libc.a(strlen.o)
 .stack.descriptors.hdr
                0x00000000000001f8        0xe c:/program files/microchip/xc8/v2.41/avr/bin/../lib/gcc/avr/5.4.0/../../../../avr/lib/avr5/memx-const\libc.a(tolower.o)
 .stack.descriptors.hdr
                0x0000000000000206        0xe c:/program files/microchip/xc8/v2.41/avr/bin/../lib/gcc/avr/5.4.0/../../../../avr/lib/avr5/memx-const\libc.a(toupper.o)
 .stack.descriptors.hdr
                0x0000000000000214        0xe c:/program files/microchip/xc8/v2.41/avr/bin/../lib/gcc/avr/5.4.0/../../../../avr/lib/avr5/memx-const\libc.a(errno.o)
 .stack.descriptors.hdr
                0x0000000000000222        0xe c:/program files/microchip/xc8/v2.41/avr/bin/../lib/gcc/avr/5.4.0/../../../../avr/lib/avr5/memx-const\libc.a(_Exit.o)
 .stack.descriptors.hdr
                0x0000000000000230        0xe c:/program files/microchip/xc8/v2.41/avr/bin/../lib/gcc/avr/5.4.0/../../../../avr/lib/avr5/memx-const\libc.a(__int_vsprintf.o)
 .stack.descriptors.hdr
                0x000000000000023e        0xe c:/program files/microchip/xc8/v2.41/avr/bin/../lib/gcc/avr/5.4.0/../../../../avr/lib/avr5/memx-const\libc.a(__int_vsnprintf.o)
 .stack.descriptors.hdr
                0x000000000000024c        0xe c:/program files/microchip/xc8/v2.41/avr/bin/../lib/gcc/avr/5.4.0/../../../../avr/lib/avr5/memx-const\libc.a(__int_vfprintf.o)
 .stack.descriptors.hdr
                0x000000000000025a        0xe c:/program files/microchip/xc8/v2.41/avr/bin/../lib/gcc/avr/5.4.0/avr5/memx-const\libgcc.a(_exit.o)

.note.GNU-stack
                0x0000000000000000        0x0
 .note.GNU-stack
                0x0000000000000000        0x0 c:/program files/microchip/xc8/v2.41/avr/bin/../lib/gcc/avr/5.4.0/../../../../avr/lib/avr5/memx-const\libm.a(addsf3.o)
 .note.GNU-stack
                0x0000000000000000        0x0 c:/program files/microchip/xc8/v2.41/avr/bin/../lib/gcc/avr/5.4.0/../../../../avr/lib/avr5/memx-const\libm.a(addsf3x.o)
 .note.GNU-stack
                0x0000000000000000        0x0 c:/program files/microchip/xc8/v2.41/avr/bin/../lib/gcc/avr/5.4.0/../../../../avr/lib/avr5/memx-const\libm.a(cmpsf2.o)
 .note.GNU-stack
                0x0000000000000000        0x0 c:/program files/microchip/xc8/v2.41/avr/bin/../lib/gcc/avr/5.4.0/../../../../avr/lib/avr5/memx-const\libm.a(divsf3.o)
 .note.GNU-stack
                0x0000000000000000        0x0 c:/program files/microchip/xc8/v2.41/avr/bin/../lib/gcc/avr/5.4.0/../../../../avr/lib/avr5/memx-const\libm.a(divsf3x.o)
 .note.GNU-stack
                0x0000000000000000        0x0 c:/program files/microchip/xc8/v2.41/avr/bin/../lib/gcc/avr/5.4.0/../../../../avr/lib/avr5/memx-const\libm.a(fixsfsi.o)
 .note.GNU-stack
                0x0000000000000000        0x0 c:/program files/microchip/xc8/v2.41/avr/bin/../lib/gcc/avr/5.4.0/../../../../avr/lib/avr5/memx-const\libm.a(fixunssfsi.o)
 .note.GNU-stack
                0x0000000000000000        0x0 c:/program files/microchip/xc8/v2.41/avr/bin/../lib/gcc/avr/5.4.0/../../../../avr/lib/avr5/memx-const\libm.a(floatsisf.o)
 .note.GNU-stack
                0x0000000000000000        0x0 c:/program files/microchip/xc8/v2.41/avr/bin/../lib/gcc/avr/5.4.0/../../../../avr/lib/avr5/memx-const\libm.a(fp_cmp.o)
 .note.GNU-stack
                0x0000000000000000        0x0 c:/program files/microchip/xc8/v2.41/avr/bin/../lib/gcc/avr/5.4.0/../../../../avr/lib/avr5/memx-const\libm.a(fp_inf.o)
 .note.GNU-stack
                0x0000000000000000        0x0 c:/program files/microchip/xc8/v2.41/avr/bin/../lib/gcc/avr/5.4.0/../../../../avr/lib/avr5/memx-const\libm.a(fp_nan.o)
 .note.GNU-stack
                0x0000000000000000        0x0 c:/program files/microchip/xc8/v2.41/avr/bin/../lib/gcc/avr/5.4.0/../../../../avr/lib/avr5/memx-const\libm.a(fp_pscA.o)
 .note.GNU-stack
                0x0000000000000000        0x0 c:/program files/microchip/xc8/v2.41/avr/bin/../lib/gcc/avr/5.4.0/../../../../avr/lib/avr5/memx-const\libm.a(fp_pscB.o)
 .note.GNU-stack
                0x0000000000000000        0x0 c:/program files/microchip/xc8/v2.41/avr/bin/../lib/gcc/avr/5.4.0/../../../../avr/lib/avr5/memx-const\libm.a(fp_round.o)
 .note.GNU-stack
                0x0000000000000000        0x0 c:/program files/microchip/xc8/v2.41/avr/bin/../lib/gcc/avr/5.4.0/../../../../avr/lib/avr5/memx-const\libm.a(fp_split3.o)
 .note.GNU-stack
                0x0000000000000000        0x0 c:/program files/microchip/xc8/v2.41/avr/bin/../lib/gcc/avr/5.4.0/../../../../avr/lib/avr5/memx-const\libm.a(fp_zero.o)
 .note.GNU-stack
                0x0000000000000000        0x0 c:/program files/microchip/xc8/v2.41/avr/bin/../lib/gcc/avr/5.4.0/../../../../avr/lib/avr5/memx-const\libm.a(gesf2.o)
 .note.GNU-stack
                0x0000000000000000        0x0 c:/program files/microchip/xc8/v2.41/avr/bin/../lib/gcc/avr/5.4.0/../../../../avr/lib/avr5/memx-const\libm.a(mulsf3.o)
 .note.GNU-stack
                0x0000000000000000        0x0 c:/program files/microchip/xc8/v2.41/avr/bin/../lib/gcc/avr/5.4.0/../../../../avr/lib/avr5/memx-const\libm.a(mulsf3x.o)
 .note.GNU-stack
                0x0000000000000000        0x0 c:/program files/microchip/xc8/v2.41/avr/bin/../lib/gcc/avr/5.4.0/../../../../avr/lib/avr5/memx-const\libc.a(exit.o)
 .note.GNU-stack
                0x0000000000000000        0x0 c:/program files/microchip/xc8/v2.41/avr/bin/../lib/gcc/avr/5.4.0/../../../../avr/lib/avr5/memx-const\libc.a(__sio_sprintf_doux.o)
 .note.GNU-stack
                0x0000000000000000        0x0 c:/program files/microchip/xc8/v2.41/avr/bin/../lib/gcc/avr/5.4.0/../../../../avr/lib/avr5/memx-const\libc.a(__fmt_d.o)
 .note.GNU-stack
                0x0000000000000000        0x0 c:/program files/microchip/xc8/v2.41/avr/bin/../lib/gcc/avr/5.4.0/../../../../avr/lib/avr5/memx-const\libc.a(__fmt_o.o)
 .note.GNU-stack
                0x0000000000000000        0x0 c:/program files/microchip/xc8/v2.41/avr/bin/../lib/gcc/avr/5.4.0/../../../../avr/lib/avr5/memx-const\libc.a(__fmt_s.o)
 .note.GNU-stack
                0x0000000000000000        0x0 c:/program files/microchip/xc8/v2.41/avr/bin/../lib/gcc/avr/5.4.0/../../../../avr/lib/avr5/memx-const\libc.a(__fmt_u.o)
 .note.GNU-stack
                0x0000000000000000        0x0 c:/program files/microchip/xc8/v2.41/avr/bin/../lib/gcc/avr/5.4.0/../../../../avr/lib/avr5/memx-const\libc.a(__fmt_x.o)
 .note.GNU-stack
                0x0000000000000000        0x0 c:/program files/microchip/xc8/v2.41/avr/bin/../lib/gcc/avr/5.4.0/../../../../avr/lib/avr5/memx-const\libc.a(__pop_int.o)
 .note.GNU-stack
                0x0000000000000000        0x0 c:/program files/microchip/xc8/v2.41/avr/bin/../lib/gcc/avr/5.4.0/../../../../avr/lib/avr5/memx-const\libc.a(__printf_core.o)
 .note.GNU-stack
                0x0000000000000000        0x0 c:/program files/microchip/xc8/v2.41/avr/bin/../lib/gcc/avr/5.4.0/../../../../avr/lib/avr5/memx-const\libc.a(fputc.o)
 .note.GNU-stack
                0x0000000000000000        0x0 c:/program files/microchip/xc8/v2.41/avr/bin/../lib/gcc/avr/5.4.0/../../../../avr/lib/avr5/memx-const\libc.a(strlen.o)
 .note.GNU-stack
                0x0000000000000000        0x0 c:/program files/microchip/xc8/v2.41/avr/bin/../lib/gcc/avr/5.4.0/../../../../avr/lib/avr5/memx-const\libc.a(tolower.o)
 .note.GNU-stack
                0x0000000000000000        0x0 c:/program files/microchip/xc8/v2.41/avr/bin/../lib/gcc/avr/5.4.0/../../../../avr/lib/avr5/memx-const\libc.a(toupper.o)
 .note.GNU-stack
                0x0000000000000000        0x0 c:/program files/microchip/xc8/v2.41/avr/bin/../lib/gcc/avr/5.4.0/../../../../avr/lib/avr5/memx-const\libc.a(errno.o)
 .note.GNU-stack
                0x0000000000000000        0x0 c:/program files/microchip/xc8/v2.41/avr/bin/../lib/gcc/avr/5.4.0/../../../../avr/lib/avr5/memx-const\libc.a(_Exit.o)
 .note.GNU-stack
                0x0000000000000000        0x0 c:/program files/microchip/xc8/v2.41/avr/bin/../lib/gcc/avr/5.4.0/../../../../avr/lib/avr5/memx-const\libc.a(__int_vsprintf.o)
 .note.GNU-stack
                0x0000000000000000        0x0 c:/program files/microchip/xc8/v2.41/avr/bin/../lib/gcc/avr/5.4.0/../../../../avr/lib/avr5/memx-const\libc.a(__int_vsnprintf.o)
 .note.GNU-stack
                0x0000000000000000        0x0 c:/program files/microchip/xc8/v2.41/avr/bin/../lib/gcc/avr/5.4.0/../../../../avr/lib/avr5/memx-const\libc.a(__int_vfprintf.o)

.note.gnu.build-id
 *(.note.gnu.build-id)

.debug
 *(.debug)

.line
 *(.line)

.debug_srcinfo
 *(.debug_srcinfo)

.debug_sfnames
 *(.debug_sfnames)

.debug_aranges  0x0000000000000000      0x188
 *(.debug_aranges)
 .debug_aranges
                0x0000000000000000       0x28 build/default/production/HAL/KeyPad/keypad_program.o
 .debug_aranges
                0x0000000000000028       0x90 build/default/production/HAL/LCD/LCD_Program.o
 .debug_aranges
                0x00000000000000b8       0x48 build/default/production/MCAL/DIO/DIO.o
 .debug_aranges
                0x0000000000000100       0x20 build/default/production/MCAL/HAL_initializations.o
 .debug_aranges
                0x0000000000000120       0x68 build/default/production/Application.o

.debug_pubnames
 *(.debug_pubnames)

.debug_info     0x0000000000000000     0x4162
 *(.debug_info .gnu.linkonce.wi.*)
 .debug_info    0x0000000000000000      0x4e6 C:/Users/chbib/.mchp_packs/Microchip/ATmega_DFP/3.0.158/xc8/avr/lib/avr5/memx-const/crtatmega32.o
 .debug_info    0x00000000000004e6      0x748 build/default/production/HAL/KeyPad/keypad_program.o
 .debug_info    0x0000000000000c2e     0x15a7 build/default/production/HAL/LCD/LCD_Program.o
 .debug_info    0x00000000000021d5      0x715 build/default/production/MCAL/DIO/DIO.o
 .debug_info    0x00000000000028ea      0x57c build/default/production/MCAL/HAL_initializations.o
 .debug_info    0x0000000000002e66     0x12fc build/default/production/Application.o

.debug_abbrev   0x0000000000000000      0xdb0
 *(.debug_abbrev)
 .debug_abbrev  0x0000000000000000      0x4a3 C:/Users/chbib/.mchp_packs/Microchip/ATmega_DFP/3.0.158/xc8/avr/lib/avr5/memx-const/crtatmega32.o
 .debug_abbrev  0x00000000000004a3      0x1a3 build/default/production/HAL/KeyPad/keypad_program.o
 .debug_abbrev  0x0000000000000646      0x278 build/default/production/HAL/LCD/LCD_Program.o
 .debug_abbrev  0x00000000000008be      0x147 build/default/production/MCAL/DIO/DIO.o
 .debug_abbrev  0x0000000000000a05       0xe0 build/default/production/MCAL/HAL_initializations.o
 .debug_abbrev  0x0000000000000ae5      0x2cb build/default/production/Application.o

.debug_line     0x0000000000000000     0x11ea
 *(.debug_line .debug_line.* .debug_line_end)
 .debug_line    0x0000000000000000      0x119 C:/Users/chbib/.mchp_packs/Microchip/ATmega_DFP/3.0.158/xc8/avr/lib/avr5/memx-const/crtatmega32.o
 .debug_line    0x0000000000000119      0x202 build/default/production/HAL/KeyPad/keypad_program.o
 .debug_line    0x000000000000031b      0x60d build/default/production/HAL/LCD/LCD_Program.o
 .debug_line    0x0000000000000928      0x1c7 build/default/production/MCAL/DIO/DIO.o
 .debug_line    0x0000000000000aef       0xfd build/default/production/MCAL/HAL_initializations.o
 .debug_line    0x0000000000000bec      0x5fe build/default/production/Application.o

.debug_frame    0x0000000000000000      0x608
 *(.debug_frame)
 .debug_frame   0x0000000000000000       0xb8 build/default/production/HAL/KeyPad/keypad_program.o
 .debug_frame   0x00000000000000b8      0x310 build/default/production/HAL/LCD/LCD_Program.o
 .debug_frame   0x00000000000003c8       0x84 build/default/production/MCAL/DIO/DIO.o
 .debug_frame   0x000000000000044c       0x24 build/default/production/MCAL/HAL_initializations.o
 .debug_frame   0x0000000000000470      0x198 build/default/production/Application.o

.debug_str      0x0000000000000000      0x36c
 *(.debug_str)
 .debug_str     0x0000000000000000      0x196 C:/Users/chbib/.mchp_packs/Microchip/ATmega_DFP/3.0.158/xc8/avr/lib/avr5/memx-const/crtatmega32.o
 .debug_str     0x0000000000000196       0x75 build/default/production/HAL/KeyPad/keypad_program.o
 .debug_str     0x000000000000020b       0x40 build/default/production/HAL/LCD/LCD_Program.o
 .debug_str     0x000000000000024b        0xc build/default/production/MCAL/DIO/DIO.o
 .debug_str     0x0000000000000257       0x1c build/default/production/MCAL/HAL_initializations.o
 .debug_str     0x0000000000000273       0xf9 build/default/production/Application.o

.debug_loc      0x0000000000000000     0x256c
 *(.debug_loc)
 .debug_loc     0x0000000000000000      0x314 build/default/production/HAL/KeyPad/keypad_program.o
 .debug_loc     0x0000000000000314     0x1301 build/default/production/HAL/LCD/LCD_Program.o
 .debug_loc     0x0000000000001615      0x19b build/default/production/MCAL/DIO/DIO.o
 .debug_loc     0x00000000000017b0       0x14 build/default/production/MCAL/HAL_initializations.o
 .debug_loc     0x00000000000017c4      0xda8 build/default/production/Application.o

.debug_macinfo
 *(.debug_macinfo)

.debug_weaknames
 *(.debug_weaknames)

.debug_funcnames
 *(.debug_funcnames)

.debug_typenames
 *(.debug_typenames)

.debug_varnames
 *(.debug_varnames)

.debug_pubtypes
 *(.debug_pubtypes)

.debug_ranges   0x0000000000000000      0x1b8
 *(.debug_ranges)
 .debug_ranges  0x0000000000000000       0x18 build/default/production/HAL/KeyPad/keypad_program.o
 .debug_ranges  0x0000000000000018       0xe0 build/default/production/HAL/LCD/LCD_Program.o
 .debug_ranges  0x00000000000000f8       0x38 build/default/production/MCAL/DIO/DIO.o
 .debug_ranges  0x0000000000000130       0x10 build/default/production/MCAL/HAL_initializations.o
 .debug_ranges  0x0000000000000140       0x78 build/default/production/Application.o

.debug_macro
 *(.debug_macro)
OUTPUT(dist/default/production/Atmega32Avr.X.production.elf elf32-avr)
LOAD linker stubs
LOAD data_init

.note.gnu.avr.deviceinfo
                0x0000000000000000       0x3c
 .note.gnu.avr.deviceinfo
                0x0000000000000000       0x3c C:/Users/chbib/.mchp_packs/Microchip/ATmega_DFP/3.0.158/xc8/avr/lib/avr5/memx-const/crtatmega32.o

.bss            0x0000000000800097        0x1
 .bss           0x0000000000800097        0x1 build/default/production/HAL/KeyPad/keypad_program.o

.bss            0x0000000000800082        0x7
 .bss           0x0000000000800082        0x7 build/default/production/HAL/LCD/LCD_Program.o

.bss            0x0000000000800094        0x3
 .bss           0x0000000000800094        0x3 build/default/production/MCAL/DIO/DIO.o

.bss            0x0000000000800098        0x1
 .bss           0x0000000000800098        0x1 build/default/production/MCAL/HAL_initializations.o

.bss            0x000000000080008f        0x5
 .bss           0x000000000080008f        0x5 build/default/production/Application.o

.progmemx.data  0x00000000000000c6       0x62
 .progmemx.data
                0x00000000000000c6       0x62 build/default/production/Application.o

.progmemx.data.state_table
                0x0000000000000128       0x16
 .progmemx.data.state_table
                0x0000000000000128       0x16 c:/program files/microchip/xc8/v2.41/avr/bin/../lib/gcc/avr/5.4.0/../../../../avr/lib/avr5/memx-const\libc.a(__printf_core.o)

.progmemx.data.KeyPadMatrix
                0x000000000000013e       0x10
 .progmemx.data.KeyPadMatrix
                0x000000000000013e       0x10 build/default/production/HAL/KeyPad/keypad_program.o

.progmemx.data.nuls.2781
                0x000000000000014e        0x7
 .progmemx.data.nuls.2781
                0x000000000000014e        0x7 c:/program files/microchip/xc8/v2.41/avr/bin/../lib/gcc/avr/5.4.0/../../../../avr/lib/avr5/memx-const\libc.a(__fmt_s.o)

.progmemx.data.nilstr.2962
                0x0000000000000155        0x6
 .progmemx.data.nilstr.2962
                0x0000000000000155        0x6 c:/program files/microchip/xc8/v2.41/avr/bin/../lib/gcc/avr/5.4.0/../../../../avr/lib/avr5/memx-const\libc.a(__printf_core.o)

.progmemx.data  0x000000000000015b        0x3
 .progmemx.data
                0x000000000000015b        0x3 build/default/production/HAL/LCD/LCD_Program.o

.text.vfpfcnvrt
                0x000000000000015e      0x4d8
 .text.vfpfcnvrt
                0x000000000000015e      0x4d8 c:/program files/microchip/xc8/v2.41/avr/bin/../lib/gcc/avr/5.4.0/../../../../avr/lib/avr5/memx-const\libc.a(__printf_core.o)
                0x000000000000015e                vfpfcnvrt

.text.calculator
                0x0000000000000636      0x336
 .text.calculator
                0x0000000000000636      0x336 build/default/production/Application.o
                0x0000000000000636                calculator

.text.main      0x000000000000096c      0x306
 .text.main     0x000000000000096c      0x306 build/default/production/Application.o
                0x000000000000096c                main

.text.__fmt_x   0x0000000000000c72      0x1da
 .text.__fmt_x  0x0000000000000c72      0x1da c:/program files/microchip/xc8/v2.41/avr/bin/../lib/gcc/avr/5.4.0/../../../../avr/lib/avr5/memx-const\libc.a(__fmt_x.o)
                0x0000000000000c72                __fmt_x_needed
                0x0000000000000c72                __fmt_x

.text.keypad_read_value
                0x0000000000000e4c      0x1ae
 .text.keypad_read_value
                0x0000000000000e4c      0x1ae build/default/production/HAL/KeyPad/keypad_program.o
                0x0000000000000e4c                keypad_read_value

.text.H_LCD_4BIT_INIT
                0x0000000000000ffa      0x1a2
 .text.H_LCD_4BIT_INIT
                0x0000000000000ffa      0x1a2 build/default/production/HAL/LCD/LCD_Program.o
                0x0000000000000ffa                H_LCD_4BIT_INIT

.text.H_LCD_4BIT_SEND_FLOAT
                0x000000000000119c      0x174
 .text.H_LCD_4BIT_SEND_FLOAT
                0x000000000000119c      0x174 build/default/production/HAL/LCD/LCD_Program.o
                0x000000000000119c                H_LCD_4BIT_SEND_FLOAT

.text.H_LCD_4BIT_SEND_NUMBER
                0x0000000000001310      0x166
 .text.H_LCD_4BIT_SEND_NUMBER
                0x0000000000001310      0x166 build/default/production/HAL/LCD/LCD_Program.o
                0x0000000000001310                H_LCD_4BIT_SEND_NUMBER

.text.OperationFunc
                0x0000000000001476      0x136
 .text.OperationFunc
                0x0000000000001476      0x136 build/default/production/Application.o
                0x0000000000001476                OperationFunc

.text.__fmt_d   0x00000000000015ac       0xe6
 .text.__fmt_d  0x00000000000015ac       0xe6 c:/program files/microchip/xc8/v2.41/avr/bin/../lib/gcc/avr/5.4.0/../../../../avr/lib/avr5/memx-const\libc.a(__fmt_d.o)
                0x00000000000015ac                __fmt_d
                0x00000000000015ac                __fmt_d_needed

.text.H_LCD_4BIT_SET_CURSOR
                0x0000000000001692       0xe0
 .text.H_LCD_4BIT_SET_CURSOR
                0x0000000000001692       0xe0 build/default/production/HAL/LCD/LCD_Program.o

.text.M_DIO_pin_write_logic
                0x0000000000001772       0xe0
 .text.M_DIO_pin_write_logic
                0x0000000000001772       0xe0 build/default/production/MCAL/DIO/DIO.o
                0x0000000000001772                M_DIO_pin_write_logic

.text           0x0000000000001852       0xde
 .text          0x0000000000001852       0xde c:/program files/microchip/xc8/v2.41/avr/bin/../lib/gcc/avr/5.4.0/../../../../avr/lib/avr5/memx-const\libm.a(divsf3x.o)
                0x0000000000001852                __divsf3x
                0x000000000000187a                __divsf3_pse

.text.__pop_int
                0x0000000000001930       0xda
 .text.__pop_int
                0x0000000000001930       0xda c:/program files/microchip/xc8/v2.41/avr/bin/../lib/gcc/avr/5.4.0/../../../../avr/lib/avr5/memx-const\libc.a(__pop_int.o)
                0x0000000000001930                __pop_int_needed
                0x0000000000001930                __pop_int

.text           0x0000000000001a0a       0xd4
 .text          0x0000000000001a0a       0xd4 c:/program files/microchip/xc8/v2.41/avr/bin/../lib/gcc/avr/5.4.0/../../../../avr/lib/avr5/memx-const\libm.a(mulsf3x.o)
                0x0000000000001a0a                __mulsf3x
                0x0000000000001a30                __mulsf3_pse

.text           0x0000000000001ade       0xce
 .text          0x0000000000001ade       0xce c:/program files/microchip/xc8/v2.41/avr/bin/../lib/gcc/avr/5.4.0/../../../../avr/lib/avr5/memx-const\libm.a(addsf3x.o)
                0x0000000000001ade                __addsf3x

.text.H_LCD_4BIT_SENT_CUSTOM_CHAR
                0x0000000000001bac       0xcc
 .text.H_LCD_4BIT_SENT_CUSTOM_CHAR
                0x0000000000001bac       0xcc build/default/production/HAL/LCD/LCD_Program.o
                0x0000000000001bac                H_LCD_4BIT_SENT_CUSTOM_CHAR

.text.__cvt_u   0x0000000000001c78       0xca
 .text.__cvt_u  0x0000000000001c78       0xca c:/program files/microchip/xc8/v2.41/avr/bin/../lib/gcc/avr/5.4.0/../../../../avr/lib/avr5/memx-const\libc.a(__fmt_u.o)
                0x0000000000001c78                __cvt_u

.text.M_DIO_pin_direction_intialize
                0x0000000000001d42       0xc8
 .text.M_DIO_pin_direction_intialize
                0x0000000000001d42       0xc8 build/default/production/MCAL/DIO/DIO.o
                0x0000000000001d42                M_DIO_pin_direction_intialize

.text.H_LCD_4BIT_SEND_STRING_POS
                0x0000000000001e0a       0xc2
 .text.H_LCD_4BIT_SEND_STRING_POS
                0x0000000000001e0a       0xc2 build/default/production/HAL/LCD/LCD_Program.o
                0x0000000000001e0a                H_LCD_4BIT_SEND_STRING_POS

.text.keypad_init
                0x0000000000001ecc       0xb6
 .text.keypad_init
                0x0000000000001ecc       0xb6 build/default/production/HAL/KeyPad/keypad_program.o
                0x0000000000001ecc                keypad_init

.text.H_LCD_4BIT_SEND_STRING
                0x0000000000001f82       0xb4
 .text.H_LCD_4BIT_SEND_STRING
                0x0000000000001f82       0xb4 build/default/production/HAL/LCD/LCD_Program.o
                0x0000000000001f82                H_LCD_4BIT_SEND_STRING

.text.__fmt_o   0x0000000000002036       0xb4
 .text.__fmt_o  0x0000000000002036       0xb4 c:/program files/microchip/xc8/v2.41/avr/bin/../lib/gcc/avr/5.4.0/../../../../avr/lib/avr5/memx-const\libc.a(__fmt_o.o)
                0x0000000000002036                __fmt_o
                0x0000000000002036                __fmt_o_needed

.text.__vsnprintf
                0x00000000000020ea       0xa4
 .text.__vsnprintf
                0x00000000000020ea       0xa4 c:/program files/microchip/xc8/v2.41/avr/bin/../lib/gcc/avr/5.4.0/../../../../avr/lib/avr5/memx-const\libc.a(__int_vsnprintf.o)
                0x00000000000020ea                __vsnprintf

.text.H_LCD_4BIT_SENDING
                0x000000000000218e       0xa2
 .text.H_LCD_4BIT_SENDING
                0x000000000000218e       0xa2 build/default/production/HAL/LCD/LCD_Program.o

.text.__fmt_state
                0x0000000000002230       0x9e
 .text.__fmt_state
                0x0000000000002230       0x9e c:/program files/microchip/xc8/v2.41/avr/bin/../lib/gcc/avr/5.4.0/../../../../avr/lib/avr5/memx-const\libc.a(__printf_core.o)
                0x0000000000002230                __fmt_state

.text.CheckPassword
                0x00000000000022ce       0x9a
 .text.CheckPassword
                0x00000000000022ce       0x9a build/default/production/Application.o
                0x00000000000022ce                CheckPassword

.text.__pad     0x0000000000002368       0x96
 .text.__pad    0x0000000000002368       0x96 c:/program files/microchip/xc8/v2.41/avr/bin/../lib/gcc/avr/5.4.0/../../../../avr/lib/avr5/memx-const\libc.a(__printf_core.o)
                0x0000000000002368                __pad

.text.__printf_core
                0x00000000000023fe       0x94
 .text.__printf_core
                0x00000000000023fe       0x94 c:/program files/microchip/xc8/v2.41/avr/bin/../lib/gcc/avr/5.4.0/../../../../avr/lib/avr5/memx-const\libc.a(__printf_core.o)
                0x00000000000023fe                __printf_core

.text.fputc     0x0000000000002492       0x92
 .text.fputc    0x0000000000002492       0x92 c:/program files/microchip/xc8/v2.41/avr/bin/../lib/gcc/avr/5.4.0/../../../../avr/lib/avr5/memx-const\libc.a(fputc.o)
                0x0000000000002492                fputc
                0x0000000000002492                putc

.text.__fmt_u   0x0000000000002524       0x90
 .text.__fmt_u  0x0000000000002524       0x90 c:/program files/microchip/xc8/v2.41/avr/bin/../lib/gcc/avr/5.4.0/../../../../avr/lib/avr5/memx-const\libc.a(__fmt_u.o)
                0x0000000000002524                __fmt_u_needed
                0x0000000000002524                __fmt_u

.text.H_LCD_4BIT_SEND_COMM
                0x00000000000025b4       0x88
 .text.H_LCD_4BIT_SEND_COMM
                0x00000000000025b4       0x88 build/default/production/HAL/LCD/LCD_Program.o
                0x00000000000025b4                H_LCD_4BIT_SEND_COMM

.text.H_LCD_4BIT_SEND_DATA
                0x000000000000263c       0x88
 .text.H_LCD_4BIT_SEND_DATA
                0x000000000000263c       0x88 build/default/production/HAL/LCD/LCD_Program.o
                0x000000000000263c                H_LCD_4BIT_SEND_DATA

.text.M_DIO_pin_read_logic
                0x00000000000026c4       0x88
 .text.M_DIO_pin_read_logic
                0x00000000000026c4       0x88 build/default/production/MCAL/DIO/DIO.o
                0x00000000000026c4                M_DIO_pin_read_logic

.text.ReturnLength
                0x000000000000274c       0x88
 .text.ReturnLength
                0x000000000000274c       0x88 build/default/production/Application.o
                0x000000000000274c                ReturnLength

.text.H_LCD_4BIT_SEND_FNUMBER_POS
                0x00000000000027d4       0x82
 .text.H_LCD_4BIT_SEND_FNUMBER_POS
                0x00000000000027d4       0x82 build/default/production/HAL/LCD/LCD_Program.o
                0x00000000000027d4                H_LCD_4BIT_SEND_FNUMBER_POS

.text.M_DIO_pin_get_direction_status
                0x0000000000002856       0x80
 .text.M_DIO_pin_get_direction_status
                0x0000000000002856       0x80 build/default/production/MCAL/DIO/DIO.o
                0x0000000000002856                M_DIO_pin_get_direction_status

.text.H_LCD_4BIT_ENABLE
                0x00000000000028d6       0x7c
 .text.H_LCD_4BIT_ENABLE
                0x00000000000028d6       0x7c build/default/production/HAL/LCD/LCD_Program.o

.text.H_LCD_4BIT_SEND_NUMBER_POS
                0x0000000000002952       0x7a
 .text.H_LCD_4BIT_SEND_NUMBER_POS
                0x0000000000002952       0x7a build/default/production/HAL/LCD/LCD_Program.o
                0x0000000000002952                H_LCD_4BIT_SEND_NUMBER_POS

.text           0x00000000000029cc       0x7a
 .text          0x00000000000029cc       0x7a c:/program files/microchip/xc8/v2.41/avr/bin/../lib/gcc/avr/5.4.0/../../../../avr/lib/avr5/memx-const\libm.a(floatsisf.o)
                0x00000000000029cc                __floatunsisf
                0x00000000000029d0                __floatsisf

.text.__fmt_s   0x0000000000002a46       0x7a
 .text.__fmt_s  0x0000000000002a46       0x7a c:/program files/microchip/xc8/v2.41/avr/bin/../lib/gcc/avr/5.4.0/../../../../avr/lib/avr5/memx-const\libc.a(__fmt_s.o)
                0x0000000000002a46                __fmt_s
                0x0000000000002a46                __fmt_0_needed
                0x0000000000002a46                __fmt_s_needed

.text.read_prec_or_width
                0x0000000000002ac0       0x78
 .text.read_prec_or_width
                0x0000000000002ac0       0x78 c:/program files/microchip/xc8/v2.41/avr/bin/../lib/gcc/avr/5.4.0/../../../../avr/lib/avr5/memx-const\libc.a(__printf_core.o)

.text.M_DIO_pin_toggle_logic
                0x0000000000002b38       0x6e
 .text.M_DIO_pin_toggle_logic
                0x0000000000002b38       0x6e build/default/production/MCAL/DIO/DIO.o
                0x0000000000002b38                M_DIO_pin_toggle_logic

.text.M_DIO_pin_intialize
                0x0000000000002ba6       0x6e
 .text.M_DIO_pin_intialize
                0x0000000000002ba6       0x6e build/default/production/MCAL/DIO/DIO.o
                0x0000000000002ba6                M_DIO_pin_intialize

.text.__out     0x0000000000002c14       0x68
 .text.__out    0x0000000000002c14       0x68 c:/program files/microchip/xc8/v2.41/avr/bin/../lib/gcc/avr/5.4.0/../../../../avr/lib/avr5/memx-const\libc.a(__printf_core.o)
                0x0000000000002c14                __out

.text.H_LCD_4BIT_SEND_DATA_POS
                0x0000000000002c7c       0x66
 .text.H_LCD_4BIT_SEND_DATA_POS
                0x0000000000002c7c       0x66 build/default/production/HAL/LCD/LCD_Program.o
                0x0000000000002c7c                H_LCD_4BIT_SEND_DATA_POS

.text.convert_uint8_to_string
                0x0000000000002ce2       0x66
 .text.convert_uint8_to_string
                0x0000000000002ce2       0x66 build/default/production/HAL/LCD/LCD_Program.o
                0x0000000000002ce2                convert_uint8_to_string

.text           0x0000000000002d48       0x5e
 .text          0x0000000000002d48       0x5e c:/program files/microchip/xc8/v2.41/avr/bin/../lib/gcc/avr/5.4.0/../../../../avr/lib/avr5/memx-const\libm.a(fixunssfsi.o)
                0x0000000000002d48                __fixunssfsi

.text.DoDiv     0x0000000000002da6       0x54
 .text.DoDiv    0x0000000000002da6       0x54 build/default/production/Application.o
                0x0000000000002da6                DoDiv

.text           0x0000000000002dfa       0x48
 .text          0x0000000000002dfa       0x48 c:/program files/microchip/xc8/v2.41/avr/bin/../lib/gcc/avr/5.4.0/../../../../avr/lib/avr5/memx-const\libm.a(fp_cmp.o)
                0x0000000000002dfa                __fp_cmp

.text           0x0000000000002e42       0x44
 .text          0x0000000000002e42       0x44 c:/program files/microchip/xc8/v2.41/avr/bin/../lib/gcc/avr/5.4.0/../../../../avr/lib/avr5/memx-const\libm.a(fp_split3.o)
                0x0000000000002e42                __fp_split3
                0x0000000000002e52                __fp_splitA

.text.libgcc.div
                0x0000000000002e86       0x44
 .text.libgcc.div
                0x0000000000002e86       0x44 c:/program files/microchip/xc8/v2.41/avr/bin/../lib/gcc/avr/5.4.0/avr5/memx-const\libgcc.a(_udivmodsi4.o)
                0x0000000000002e86                __udivmodsi4

.text.libgcc.prologue
                0x0000000000002eca       0x38
 .text.libgcc.prologue
                0x0000000000002eca       0x38 c:/program files/microchip/xc8/v2.41/avr/bin/../lib/gcc/avr/5.4.0/avr5/memx-const\libgcc.a(_prologue.o)
                0x0000000000002eca                __prologue_saves__

.text.libgcc.prologue
                0x0000000000002f02       0x36
 .text.libgcc.prologue
                0x0000000000002f02       0x36 c:/program files/microchip/xc8/v2.41/avr/bin/../lib/gcc/avr/5.4.0/avr5/memx-const\libgcc.a(_epilogue.o)
                0x0000000000002f02                __epilogue_restores__

.text.DoMul     0x0000000000002f38       0x34
 .text.DoMul    0x0000000000002f38       0x34 build/default/production/Application.o
                0x0000000000002f38                DoMul

.text.__vfprintf
                0x0000000000002f6c       0x30
 .text.__vfprintf
                0x0000000000002f6c       0x30 c:/program files/microchip/xc8/v2.41/avr/bin/../lib/gcc/avr/5.4.0/../../../../avr/lib/avr5/memx-const\libc.a(__int_vfprintf.o)
                0x0000000000002f6c                __vfprintf

.text.libgcc.div
                0x0000000000002f9c       0x2e
 .text.libgcc.div
                0x0000000000002f9c       0x2e c:/program files/microchip/xc8/v2.41/avr/bin/../lib/gcc/avr/5.4.0/avr5/memx-const\libgcc.a(_divmodsi4.o)
                0x0000000000002f9c                __divmodsi4

.text.strlen    0x0000000000002fca       0x2c
 .text.strlen   0x0000000000002fca       0x2c c:/program files/microchip/xc8/v2.41/avr/bin/../lib/gcc/avr/5.4.0/../../../../avr/lib/avr5/memx-const\libc.a(strlen.o)
                0x0000000000002fca                strlen

.text.HAL_initializations
                0x0000000000002ff6       0x28
 .text.HAL_initializations
                0x0000000000002ff6       0x28 build/default/production/MCAL/HAL_initializations.o
                0x0000000000002ff6                HAL_initializations

.text.__wrap_sprintf
                0x000000000000301e       0x26
 .text.__wrap_sprintf
                0x000000000000301e       0x26 c:/program files/microchip/xc8/v2.41/avr/bin/../lib/gcc/avr/5.4.0/../../../../avr/lib/avr5/memx-const\libc.a(__sio_sprintf_doux.o)
                0x000000000000301e                _sprintf_cdopuxX

.text           0x0000000000003044       0x22
 .text          0x0000000000003044       0x22 c:/program files/microchip/xc8/v2.41/avr/bin/../lib/gcc/avr/5.4.0/../../../../avr/lib/avr5/memx-const\libm.a(fp_round.o)
                0x0000000000003044                __fp_round

.text.libgcc.mul
                0x0000000000003066       0x20
 .text.libgcc.mul
                0x0000000000003066       0x20 c:/program files/microchip/xc8/v2.41/avr/bin/../lib/gcc/avr/5.4.0/avr5/memx-const\libgcc.a(_mulsi3.o)
                0x0000000000003066                __mulsi3

.text.libgcc.mul
                0x0000000000003086       0x1e
 .text.libgcc.mul
                0x0000000000003086       0x1e c:/program files/microchip/xc8/v2.41/avr/bin/../lib/gcc/avr/5.4.0/avr5/memx-const\libgcc.a(_umulhisi3.o)
                0x0000000000003086                __umulhisi3

.text.DoSum     0x00000000000030a4       0x1c
 .text.DoSum    0x00000000000030a4       0x1c build/default/production/Application.o
                0x00000000000030a4                DoSum

.text.DoSub     0x00000000000030c0       0x1c
 .text.DoSub    0x00000000000030c0       0x1c build/default/production/Application.o
                0x00000000000030c0                DoSub

.text.application_initializations
                0x00000000000030dc       0x18
 .text.application_initializations
                0x00000000000030dc       0x18 build/default/production/Application.o
                0x00000000000030dc                application_initializations

.text.__vsprintf
                0x00000000000030f4       0x18
 .text.__vsprintf
                0x00000000000030f4       0x18 c:/program files/microchip/xc8/v2.41/avr/bin/../lib/gcc/avr/5.4.0/../../../../avr/lib/avr5/memx-const\libc.a(__int_vsprintf.o)
                0x00000000000030f4                __vsprintf

.text.libgcc.mul
                0x000000000000310c       0x16
 .text.libgcc.mul
                0x000000000000310c       0x16 c:/program files/microchip/xc8/v2.41/avr/bin/../lib/gcc/avr/5.4.0/avr5/memx-const\libgcc.a(_muluhisi3.o)
                0x000000000000310c                __muluhisi3

.text.exit      0x0000000000003122       0x16
 .text.exit     0x0000000000003122       0x16 c:/program files/microchip/xc8/v2.41/avr/bin/../lib/gcc/avr/5.4.0/../../../../avr/lib/avr5/memx-const\libc.a(exit.o)
                0x0000000000003122                exit

.text.toupper   0x0000000000003138       0x12
 .text.toupper  0x0000000000003138       0x12 c:/program files/microchip/xc8/v2.41/avr/bin/../lib/gcc/avr/5.4.0/../../../../avr/lib/avr5/memx-const\libc.a(toupper.o)
                0x0000000000003138                toupper

.text.libgcc.div
                0x000000000000314a       0x10
 .text.libgcc.div
                0x000000000000314a       0x10 c:/program files/microchip/xc8/v2.41/avr/bin/../lib/gcc/avr/5.4.0/avr5/memx-const\libgcc.a(_negsi2.o)
                0x000000000000314a                __negsi2

.text.tolower   0x000000000000315a       0x10
 .text.tolower  0x000000000000315a       0x10 c:/program files/microchip/xc8/v2.41/avr/bin/../lib/gcc/avr/5.4.0/../../../../avr/lib/avr5/memx-const\libc.a(tolower.o)
                0x000000000000315a                tolower

.text           0x000000000000316a        0xe
 .text          0x000000000000316a        0xe c:/program files/microchip/xc8/v2.41/avr/bin/../lib/gcc/avr/5.4.0/../../../../avr/lib/avr5/memx-const\libm.a(addsf3.o)
                0x000000000000316a                __subsf3
                0x000000000000316c                __addsf3

.text           0x0000000000003178        0xe
 .text          0x0000000000003178        0xe c:/program files/microchip/xc8/v2.41/avr/bin/../lib/gcc/avr/5.4.0/../../../../avr/lib/avr5/memx-const\libm.a(fixsfsi.o)
                0x0000000000003178                __fixsfsi

.text           0x0000000000003186        0xe
 .text          0x0000000000003186        0xe c:/program files/microchip/xc8/v2.41/avr/bin/../lib/gcc/avr/5.4.0/../../../../avr/lib/avr5/memx-const\libm.a(fp_pscA.o)
                0x0000000000003186                __fp_pscA

.text           0x0000000000003194        0xe
 .text          0x0000000000003194        0xe c:/program files/microchip/xc8/v2.41/avr/bin/../lib/gcc/avr/5.4.0/../../../../avr/lib/avr5/memx-const\libm.a(fp_pscB.o)
                0x0000000000003194                __fp_pscB

.text           0x00000000000031a2        0xe
 .text          0x00000000000031a2        0xe c:/program files/microchip/xc8/v2.41/avr/bin/../lib/gcc/avr/5.4.0/../../../../avr/lib/avr5/memx-const\libm.a(fp_zero.o)
                0x00000000000031a2                __fp_zero
                0x00000000000031a4                __fp_szero

.text           0x00000000000031b0        0xc
 .text          0x00000000000031b0        0xc c:/program files/microchip/xc8/v2.41/avr/bin/../lib/gcc/avr/5.4.0/../../../../avr/lib/avr5/memx-const\libm.a(fp_inf.o)
                0x00000000000031b0                __fp_inf

.text           0x00000000000031bc        0xa
 .text          0x00000000000031bc        0xa c:/program files/microchip/xc8/v2.41/avr/bin/../lib/gcc/avr/5.4.0/../../../../avr/lib/avr5/memx-const\libm.a(cmpsf2.o)
                0x00000000000031bc                __nesf2
                0x00000000000031bc                __eqsf2
                0x00000000000031bc                __cmpsf2
                0x00000000000031bc                __ltsf2
                0x00000000000031bc                __lesf2

.text           0x00000000000031c6        0xa
 .text          0x00000000000031c6        0xa c:/program files/microchip/xc8/v2.41/avr/bin/../lib/gcc/avr/5.4.0/../../../../avr/lib/avr5/memx-const\libm.a(gesf2.o)
                0x00000000000031c6                __gesf2
                0x00000000000031c6                __gtsf2

.text           0x00000000000031d0        0x8
 .text          0x00000000000031d0        0x8 c:/program files/microchip/xc8/v2.41/avr/bin/../lib/gcc/avr/5.4.0/../../../../avr/lib/avr5/memx-const\libm.a(divsf3.o)
                0x00000000000031d0                __divsf3

.text           0x00000000000031d8        0x8
 .text          0x00000000000031d8        0x8 c:/program files/microchip/xc8/v2.41/avr/bin/../lib/gcc/avr/5.4.0/../../../../avr/lib/avr5/memx-const\libm.a(mulsf3.o)
                0x00000000000031d8                __mulsf3

.text           0x00000000000031e0        0x6
 .text          0x00000000000031e0        0x6 c:/program files/microchip/xc8/v2.41/avr/bin/../lib/gcc/avr/5.4.0/../../../../avr/lib/avr5/memx-const\libm.a(fp_nan.o)
                0x00000000000031e0                __fp_nan

.text           0x00000000000031e6        0x4
 .text          0x00000000000031e6        0x4 C:/Users/chbib/.mchp_packs/Microchip/ATmega_DFP/3.0.158/xc8/avr/lib/avr5/memx-const/crtatmega32.o
                0x00000000000031e6                __vector_1
                0x00000000000031e6                __vector_12
                0x00000000000031e6                __bad_interrupt
                0x00000000000031e6                __vector_6
                0x00000000000031e6                __vector_3
                0x00000000000031e6                __vector_11
                0x00000000000031e6                __vector_13
                0x00000000000031e6                __vector_17
                0x00000000000031e6                __vector_19
                0x00000000000031e6                __vector_7
                0x00000000000031e6                __vector_5
                0x00000000000031e6                __vector_4
                0x00000000000031e6                __vector_9
                0x00000000000031e6                __vector_2
                0x00000000000031e6                __vector_15
                0x00000000000031e6                __vector_8
                0x00000000000031e6                __vector_14
                0x00000000000031e6                __vector_10
                0x00000000000031e6                __vector_16
                0x00000000000031e6                __vector_18
                0x00000000000031e6                __vector_20

.text._Exit     0x00000000000031ea        0x4
 .text._Exit    0x00000000000031ea        0x4 c:/program files/microchip/xc8/v2.41/avr/bin/../lib/gcc/avr/5.4.0/../../../../avr/lib/avr5/memx-const\libc.a(_Exit.o)
                0x00000000000031ea                _Exit

.text.__dummy_fini
                0x00000000000031ee        0x2
 .text.__dummy_fini
                0x00000000000031ee        0x2 c:/program files/microchip/xc8/v2.41/avr/bin/../lib/gcc/avr/5.4.0/../../../../avr/lib/avr5/memx-const\libc.a(exit.o)
                0x00000000000031ee                _fini

.text.__dummy_funcs_on_exit
                0x00000000000031f0        0x2
 .text.__dummy_funcs_on_exit
                0x00000000000031f0        0x2 c:/program files/microchip/xc8/v2.41/avr/bin/../lib/gcc/avr/5.4.0/../../../../avr/lib/avr5/memx-const\libc.a(exit.o)
                0x00000000000031f0                __funcs_on_exit

.text.__dummy_simulator_exit
                0x00000000000031f2        0x2
 .text.__dummy_simulator_exit
                0x00000000000031f2        0x2 c:/program files/microchip/xc8/v2.41/avr/bin/../lib/gcc/avr/5.4.0/../../../../avr/lib/avr5/memx-const\libc.a(exit.o)
                0x00000000000031f2                __simulator_exit

.data.PIN_REG   0x0000000000800062        0x8 load address 0x00000000000031f4
 .data.PIN_REG  0x0000000000800062        0x8 build/default/production/MCAL/DIO/DIO.o
                0x0000000000800062                PIN_REG

.data.PORT_REG  0x000000000080006a        0x8 load address 0x00000000000031fc
 .data.PORT_REG
                0x000000000080006a        0x8 build/default/production/MCAL/DIO/DIO.o
                0x000000000080006a                PORT_REG

.data.DDR_REG   0x0000000000800072        0x8 load address 0x0000000000003204
 .data.DDR_REG  0x0000000000800072        0x8 build/default/production/MCAL/DIO/DIO.o
                0x0000000000800072                DDR_REG

.data.KEYPADMATRIX
                0x000000000080007a        0x8 load address 0x000000000000320c
 .data.KEYPADMATRIX
                0x000000000080007a        0x8 build/default/production/MCAL/HAL_initializations.o
                0x000000000080007a                KEYPADMATRIX

.data._4BIT_LCD
                0x0000000000800089        0x6 load address 0x0000000000003214
 .data._4BIT_LCD
                0x0000000000800089        0x6 build/default/production/MCAL/HAL_initializations.o
                0x0000000000800089                _4BIT_LCD
